Net:   eth0: ethernet@fe1b0000
Warning: partition logo not found on mmc 0
Hit any key to stop autoboot:  0 
ethernet@fe1b0000 Waiting for PHY auto negotiation to complete...... done
Using ethernet@fe1b0000 device
TFTP from server 202.197.67.3; our IP address is 202.197.67.50
Filename 'TL3588-xen/dom0less/xen-uImage.tl3588'.
Load address: 0x2000000
Loading: *#################################################################
	 ###########################
	 247.1 KiB/s
done
Bytes transferred = 1343576 (148058 hex)
Using ethernet@fe1b0000 device
TFTP from server 202.197.67.3; our IP address is 202.197.67.50
Filename 'TL3588-xen/dom0less/tl3588-evm-xen-dom0less.dtb'.
Load address: 0x1f00000
Loading: *###################
	 1.9 MiB/s
done
Bytes transferred = 267864 (41658 hex)
Using ethernet@fe1b0000 device
TFTP from server 202.197.67.3; our IP address is 202.197.67.50
Filename 'TL3588-xen/dom0less/Image'.
Load address: 0x3f80000
Loading: *#################################################################
	 #################################################################
	 #################################################################
	 #################################################################
	 #################################################################
	 #################################################################
	 #################################################################
	 #################################################################
	 #################################################################
	 #################################################################
	 #################################################################
	 #################################################################
	 #################################################################
	 #################################################################
	 #################################################################
	 #################################################################
	 #################################################################
	 #################################################################
	 #################################################################
	 #################################################################
	 #################################################################
	 #################################################################
	 #################################################################
	 #################################################################
	 #################################################################
	 #################################################################
	 #################################################################
	 #################################################################
	 #################################################################
	 #################################################################
	 #################################################################
	 #################################################################
	 #################################################################
	 #################################################################
	 #################################################################
	 #################################################################
	 #################################################################
	 #################################################################
	 #################################################################
	 #################################################################
	 #################################################################
	 #################################################################
	 #################################################################
	 ###########################################################
	 5.9 MiB/s
done
Bytes transferred = 41882112 (27f1200 hex)
Using ethernet@fe1b0000 device
TFTP from server 202.197.67.3; our IP address is 202.197.67.50
Filename 'TL3588-xen/dom0less/qsemos-rt.bin'.
Load address: 0x7000000
Loading: *#################################################################
	 #################################################################
	 ######
	 4.3 MiB/s
done
Bytes transferred = 1988744 (1e5888 hex)
Using ethernet@fe1b0000 device
TFTP from server 202.197.67.3; our IP address is 202.197.67.50
Filename 'TL3588-xen/dom0less/tl3588-evm-uniproton.dtb'.
Load address: 0xa100000
Loading: *#
	 14.6 KiB/s
done
Bytes transferred = 1581 (62d hex)
## Booting kernel from Legacy Image at 02000000 ...
   Image Name:   
   Image Type:   AArch64 Linux Kernel Image (uncompressed)
   Data Size:    1343512 Bytes = 1.3 MiB
   Load Address: 02000000
   Entry Point:  02000000
   Verifying Checksum ... OK
## Flattened Device Tree blob at 01f00000
   Booting using the fdt blob at 0x1f00000
Working FDT set to 1f00000
   Loading Kernel Image to 2000000
ERROR: reserving fdt memory region failed (addr=0 size=0 flags=0)
ERROR: reserving fdt memory region failed (addr=0 size=0 flags=0)
   Loading Device Tree to 00000000ece9a000, end 00000000ecede657 ... OK
Working FDT set to ece9a000

Starting kernel ...

- UART enabled -
- Boot CPU booting -
- Current EL 0000000000000008 -
- Initialize CPU -
- Turning on paging -
- Paging turned on -
- Zero BSS -
- Ready -
(XEN) Checking for initrd in /chosen
(XEN) Checking for "xen,static-mem" in domain node
(XEN) RAM: 0000000000200000 - 00000000efffffff
(XEN) RAM: 00000001f0000000 - 00000001ffffffff
(XEN) 
(XEN) MODULE[0]: 0000000002000000 - 0000000002195fff Xen         
(XEN) MODULE[1]: 00000000ece9a000 - 00000000ecedbfff Device Tree 
(XEN) MODULE[2]: 0000000003f80000 - 0000000006f7ffff Kernel      
(XEN) MODULE[3]: 0000000007000000 - 0000000009ffffff Kernel      
(XEN) MODULE[4]: 000000000a100000 - 000000000a11ffff DTB         
(XEN)  RESVD[0]: 0000000010000000 - 0000000017ffffff
(XEN)  RESVD[1]: 0000000000110000 - 00000000001fffff
(XEN)  RESVD[2]: 0000000070000000 - 000000007cffffff
(XEN)  RESVD[3]: 0000000058200000 - 00000000583fffff
(XEN)  RESVD[4]: 0000000020900000 - 00000000218fffff
(XEN)  RESVD[5]: 0000000024000000 - 0000000043ffffff
(XEN) 
(XEN) CMDLINE[0000000007000000]:domU1 root=/dev/ram rw console=ttyS0,115200n8
(XEN) 
(XEN) Command line: dom0_mem=2048M dom0_max_vcpus=7 dom0_cpufreq=true dom0_vcpus_pin=true console=dtuart dtuart=serial2 bootscrub=0 flask_enforcing=1 gnttab_max_frames=64 hmp-unsafe=true loglvl=all guest_loglvl=all
(XEN) parameter "flask_enforcing" unknown!
(XEN) @@@@@@@init_heap_pages: mfn=512, nr_pages=7680
(XEN) @@@@@@@init_heap_pages: mfn=2088960, nr_pages=8184
(XEN) @@@@@@@init_heap_pages: mfn=2031616, nr_pages=24576
(XEN) @@@@@@@init_heap_pages: mfn=970460, nr_pages=12580
(XEN) @@@@@@@init_heap_pages: mfn=512000, nr_pages=458394
(XEN) @@@@@@@init_heap_pages: mfn=361472, nr_pages=97280
(XEN) @@@@@@@init_heap_pages: mfn=278528, nr_pages=82432
(XEN) @@@@@@@init_heap_pages: mfn=137472, nr_pages=9984
(XEN) @@@@@@@init_heap_pages: mfn=98304, nr_pages=35072
(XEN) @@@@@@@init_heap_pages: mfn=41248, nr_pages=24288
(XEN) @@@@@@@init_heap_pages: mfn=40960, nr_pages=256
(XEN) @@@@@@@init_heap_pages: mfn=28544, nr_pages=128
(XEN) @@@@@@@init_heap_pages: mfn=8598, nr_pages=7658
(XEN) Domain heap initialised
(XEN) Booting using Device Tree
(XEN) Platform: rockchip
(XEN) Looking for dtuart at "serial2", options ""
(XEN) Automatic baud rate determination was requested, but a baud rate was not set up
Xen 4.20-rc
(XEN) Xen version 4.20-rc (dministrator@localdomain) (aarch64-openeuler-linux-gcc (crosstool-NG 1.26.0) 12.3.1) debug=y Thu Jul 23 16:49:52 CST 2026
(XEN) Latest ChangeSet: Thu May 21 19:42:04 2026 +0800 git:13c54a8482-dirty
(XEN) build-id: 9c5d6e8eaa2fb98f26c09f41e2d9b5003dd2d651
(XEN) Processor: 00000000412fd050: "ARM Limited", variant: 0x2, part 0xd05,rev 0x0
(XEN) 64-bit Execution:
(XEN)   Processor Features: 0000000011112222 0000000000000010
(XEN)     Exception Levels: EL3:64+32 EL2:64+32 EL1:64+32 EL0:64+32
(XEN)     Extensions: FloatingPoint AdvancedSIMD GICv3-SysReg
(XEN)   Debug Features: 0000000010305408 0000000000000000
(XEN)   Auxiliary Features: 0000000000000000 0000000000000000
(XEN)   Memory Model Features: 0000000000101122 0000000010212122
(XEN)   ISA Features:  0000100010211120 0000000000100001
(XEN) 32-bit Execution:
(XEN)   Processor Features: 0000000010000131:0000000010011011
(XEN)     Instruction Sets: AArch32 A32 Thumb Thumb-2 Jazelle
(XEN)     Extensions: GenericTimer Security
(XEN)   Debug Features: 0000000004010088
(XEN)   Auxiliary Features: 0000000000000000
(XEN)   Memory Model Features: 0000000010201105 0000000040000000
(XEN)                          0000000001260000 0000000002122211
(XEN)   ISA Features: 0000000002101110 0000000013112111 0000000021232042
(XEN)                 0000000001112131 0000000000011142 0000000001011121
(XEN) Using SMC Calling Convention v1.2
(XEN) Using PSCI v1.1
(XEN) SMP: Allowing 8 CPUs
(XEN) enabled workaround for: ARM erratum 1530923
(XEN) Generic Timer IRQ: phys=30 hyp=26 virt=27 Freq: 24000 KHz
(XEN) GICv3 initialization:
(XEN)       gic_dist_addr=0x000000fe600000
(XEN)       gic_maintenance_irq=25
(XEN)       gic_rdist_stride=0
(XEN)       gic_rdist_regions=1
(XEN)       redistributor regions:
(XEN)         - region 0: 0x000000fe680000 - 0x000000fe780000
(XEN) GICv3: using at most 57344 LPIs on the host.
(XEN) GICv3: 512 lines, (IID 0201743b).
(XEN) GICv3: Found ITS @0xfe640000
(XEN) GICv3: Found ITS @0xfe660000
(XEN) GICv3: enabling workaround for ITS: R-Car Gen4
(XEN) using non-cacheable ITS command queue
(XEN) GICv3: enabling workaround for ITS: R-Car Gen4
(XEN) using non-cacheable ITS command queue
(XEN) GICv3: CPU0: Found redistributor in region 0 @00000a004001c000
(XEN) XSM Framework v1.0.1 initialized
(XEN) Initialising XSM SILO mode
(XEN) Using scheduler: SMP Credit Scheduler rev2 (credit2)
(XEN) Initializing Credit2 scheduler
(XEN)  load_precision_shift: 18
(XEN)  load_window_shift: 30
(XEN)  underload_balance_tolerance: 0
(XEN)  overload_balance_tolerance: -3
(XEN)  runqueues arrangement: socket
(XEN)  cap enforcement granularity: 10ms
(XEN) load tracking window length 1073741824 ns
(XEN) Allocated console ring of 64 KiB.
(XEN) CPU0: Guest atomics will try 6 times before pausing the domain
(XEN) Bringing up CPU1
- CPU 0000000000000100 booting -
- Current EL 0000000000000008 -
- Initialize CPU -
- Turning on paging -
- Paging turned on -
- Ready -
(XEN) GICv3: CPU1: Found redistributor in region 0 @00000a004003c000
(XEN) CPU1: Guest atomics will try 7 times before pausing the domain
(XEN) CPU 1 booted.
(XEN) Bringing up CPU2
- CPU 0000000000000200 booting -
- Current EL 0000000000000008 -
- Initialize CPU -
- Turning on paging -
- Paging turned on -
- Ready -
(XEN) GICv3: CPU2: Found redistributor in region 0 @00000a004005c000
(XEN) CPU2: Guest atomics will try 8 times before pausing the domain
(XEN) CPU 2 booted.
(XEN) Bringing up CPU3
- CPU 0000000000000300 booting -
- Current EL 0000000000000008 -
- Initialize CPU -
- Turning on paging -
- Paging turned on -
- Ready -
(XEN) GICv3: CPU3: Found redistributor in region 0 @00000a004007c000
(XEN) CPU3: Guest atomics will try 8 times before pausing the domain
(XEN) CPU 3 booted.
(XEN) Bringing up CPU4
- CPU 0000000000000400 booting -
- Current EL 0000000000000008 -
- Initialize CPU -
- Turning on paging -
- Paging turned on -
- Ready -
(XEN) CPU4 MIDR (0x00000000414fd0b0) does not match boot CPU MIDR (0x00000000412fd050),
(XEN) hmp-unsafe turned on so tainting Xen and keep core on!!
(XEN) SANITY DIF: aa64pfr0 0x11112222 -> 0x1100000011111112
(XEN) SANITY FIX: aa64pfr0 0x11112222 -> 0x11111112
(XEN) SANITY DIF: ctr 0x84448004 -> 0x9444c004
(XEN) SANITY CHECK: Unexpected variation in ctr.
(XEN) SANITY DIF: pfr0 0x10000131 -> 0x10010131
(XEN) SANITY DIF: pfr1 0x10011011 -> 0x10010000
(XEN) SANITY FIX: pfr1 0x10011011 -> 0x10010000
(XEN) SANITY CHECK: Unexpected variation in pfr1.
(XEN) SANITY DIF: pfr2 0x10 -> 0x11
(XEN) SANITY DIF: isar4 0x11142 -> 0x10142
(XEN) SANITY FIX: isar4 0x11142 -> 0x10142
(XEN) SANITY CHECK: Unexpected variation in isar4.
(XEN) GICv3: CPU4: Found redistributor in region 0 @00000a004009c000
(XEN) CPU4: Guest atomics will try 9 times before pausing the domain
(XEN) CPU 4 booted.
(XEN) Bringing up CPU5
- CPU 0000000000000500 booting -
- Current EL 0000000000000008 -
- Initialize CPU -
- Turning on paging -
- Paging turned on -
- Ready -
(XEN) CPU5 MIDR (0x00000000414fd0b0) does not match boot CPU MIDR (0x00000000412fd050),
(XEN) hmp-unsafe turned on so tainting Xen and keep core on!!
(XEN) SANITY DIF: aa64pfr0 0x11111112 -> 0x1100000011111112
(XEN) SANITY DIF: ctr 0x84448004 -> 0x9444c004
(XEN) SANITY CHECK: Unexpected variation in ctr.
(XEN) SANITY DIF: pfr0 0x10000131 -> 0x10010131
(XEN) SANITY DIF: pfr2 0x10 -> 0x11
(XEN) GICv3: CPU5: Found redistributor in region 0 @00000a00400bc000
(XEN) CPU5: Guest atomics will try 10 times before pausing the domain
(XEN) CPU 5 booted.
(XEN) Bringing up CPU6
- CPU 0000000000000600 booting -
- Current EL 0000000000000008 -
- Initialize CPU -
- Turning on paging -
- Paging turned on -
- Ready -
(XEN) CPU6 MIDR (0x00000000414fd0b0) does not match boot CPU MIDR (0x00000000412fd050),
(XEN) hmp-unsafe turned on so tainting Xen and keep core on!!
(XEN) SANITY DIF: aa64pfr0 0x11111112 -> 0x1100000011111112
(XEN) SANITY DIF: ctr 0x84448004 -> 0x9444c004
(XEN) SANITY CHECK: Unexpected variation in ctr.
(XEN) SANITY DIF: pfr0 0x10000131 -> 0x10010131
(XEN) SANITY DIF: pfr2 0x10 -> 0x11
(XEN) GICv3: CPU6: Found redistributor in region 0 @00000a00400dc000
(XEN) CPU6: Guest atomics will try 9 times before pausing the domain
(XEN) CPU 6 booted.
(XEN) Bringing up CPU7
- CPU 0000000000000700 booting -
- Current EL 0000000000000008 -
- Initialize CPU -
- Turning on paging -
- Paging turned on -
- Ready -
(XEN) CPU7 MIDR (0x00000000414fd0b0) does not match boot CPU MIDR (0x00000000412fd050),
(XEN) hmp-unsafe turned on so tainting Xen and keep core on!!
(XEN) SANITY DIF: aa64pfr0 0x11111112 -> 0x1100000011111112
(XEN) SANITY DIF: ctr 0x84448004 -> 0x9444c004
(XEN) SANITY CHECK: Unexpected variation in ctr.
(XEN) SANITY DIF: pfr0 0x10000131 -> 0x10010131
(XEN) SANITY DIF: pfr2 0x10 -> 0x11
(XEN) GICv3: CPU7: Found redistributor in region 0 @00000a00400fc000
(XEN) CPU7: Guest atomics will try 9 times before pausing the domain
(XEN) Brought up 8 CPUs
(XEN) CPU 7 booted.
(XEN) SMMUv3: /iommu@fc900000: ias 48-bit, oas 48-bit (features 0x00001c0f)
(XEN) SMMUv3: /iommu@fc900000: allocated 524288 entries for cmdq
(XEN) SMMUv3: /iommu@fc900000: allocated 524288 entries for evtq
(XEN) SMMUv3: /iommu@fcb00000: ias 48-bit, oas 48-bit (features 0x00001c0f)
(XEN) SMMUv3: /iommu@fcb00000: allocated 524288 entries for cmdq
(XEN) SMMUv3: /iommu@fcb00000: allocated 524288 entries for evtq
(XEN) I/O virtualisation enabled
(XEN)  - Dom0 mode: Relaxed
(XEN) P2M: 40-bit IPA with 40-bit PA and 16-bit VMID
(XEN) P2M: 3 levels with order-1 root, VTCR 0x00000000800a3558
(XEN) Scheduling granularity: cpu, 1 CPU per sched-resource
(XEN) Initializing Credit2 scheduler
(XEN)  load_precision_shift: 18
(XEN)  load_window_shift: 30
(XEN)  underload_balance_tolerance: 0
(XEN)  overload_balance_tolerance: -3
(XEN)  runqueues arrangement: socket
(XEN)  cap enforcement granularity: 10ms
(XEN) load tracking window length 1073741824 ns
(XEN) Adding cpu 0 to runqueue 0
(XEN)  First cpu on runqueue, activating
(XEN) Adding cpu 1 to runqueue 0
(XEN) Adding cpu 2 to runqueue 0
(XEN) Adding cpu 3 to runqueue 0
(XEN) Adding cpu 4 to runqueue 0
(XEN) Adding cpu 5 to runqueue 0
(XEN) Adding cpu 6 to runqueue 0
(XEN) Adding cpu 7 to runqueue 0
(XEN) Using SCMI with SMC ID: 0x82000010
(XEN) alternatives: Patching with alt table 00000a000030ed10 -> 00000a0000310534
(XEN) CPU7 will use 24 loops workaround on exception entry
(XEN) CPU5 will use 24 loops workaround on exception entry
(XEN) CPU6 will use 24 loops workaround on exception entry
(XEN) CPU4 will use 24 loops workaround on exception entry
(XEN) *** LOADING DOMAIN 0 ***
(XEN) Loading d0 kernel from boot module @ 0000000003f80000
(XEN) Grant table range: 0x00000002000000-0x00000002040000
(XEN) ======mylog====== Using direct map for dom0
(XEN) Allocating 1:1 mappings totalling 2048MB for dom0:
(XEN) BANK[0] 0x00000050000000-0x00000058000000 (128MB)
(XEN) BANK[1] 0x00000060000000-0x00000070000000 (256MB)
(XEN) BANK[2] 0x00000080000000-0x000000e8000000 (1664MB)
(XEN) ======mylog====== platform_specific_mapping: platfrom 00000a00002dd5b8
(XEN) ======mylog====== platform_specific_mapping : plat=rockchip, res=0
(XEN) Added 1 IOMMU IDs to /ethernet@fe1b0000
(XEN) SMMUv3: /ethernet@fe1b0000: Added master device (SMMUv3 /iommu@fcb00000 StreamIds 1)
(XEN) SMMUv3: d0: vmid 0x1 vtcr 0x0000000000053558 p2maddr 0x00000001ffeac000
(XEN) Allocating PPI 16 for event channel interrupt
(XEN) d0: failed to allocate extended regions
(XEN) Loading zImage from 0000000003f80000 to 0000000050000000-0000000053000000
(XEN) Loading d0 DTB to 0x0000000057e00000-0x0000000057e411ec
(XEN) *** LOADING DOMU cpus=1 memory=0x80000KB ***
(XEN) Loading d1 kernel from boot module @ 0000000007000000
(XEN) d1: STATIC BANK[0] 0x00000024000000-0x00000044000000
(XEN) ======mylog====== iomem_permit_access: domid=1, mstart=0xfd890000, size=0x1000, res=0
(XEN) ======mylog====== iomem_permit_access: domid=1, mstart=0xfeae8000, size=0x10000, res=0
(XEN) ======mylog====== iomem_permit_access: domid=1, mstart=0xfeae0000, size=0x10000, res=0
(XEN) ======mylog====== iomem_permit_access: domid=1, mstart=0xfd5f0000, size=0x10000, res=0
(XEN) ==== make_gicv3_domU_node ====
(XEN) ==== vgic_dist_base=0xfe600000 ====
(XEN) ==== rdist_base=0xfe680000 size=0x100000 =====
(XEN) d1: extended region 0: 0x44000000->0xa4000000
(XEN) d1: extended region 1: 0x200000000->0x10000000000
(XEN) Loading zImage from 0000000007000000 to 0000000024000000-0000000027000000
(XEN) Loading d1 DTB to 0x000000002c000000-0x000000002c000801
(XEN) @@@@@@@init_heap_pages: mfn=970394, nr_pages=66
(XEN) @@@@@@@init_heap_pages: mfn=16256, nr_pages=12288
(XEN) @@@@@@@init_heap_pages: mfn=28672, nr_pages=12288
(XEN) @@@@@@@init_heap_pages: mfn=41216, nr_pages=32
(XEN) Initial low memory virq threshold set at 0x4000 pages.
(XEN) Std. Loglevel: All
(XEN) Guest Loglevel: All
(XEN) ***************************************************
(XEN) WARNING: HMP COMPUTING HAS BEEN ENABLED.
(XEN) It has implications on the security and stability of the system,
(XEN) unless the cpu affinity of all domains is specified.
(XEN) ***************************************************
(XEN) WARNING: MULTITHREADING HAS BEEN DETECTED ON THE PROCESSOR.
(XEN) It might impact the security of the system.
(XEN) ***************************************************
(XEN) 3... 2... 1... 
(XEN) *** Serial input to DOM0 (type 'CTRL-a' three times to switch input)
(XEN) @@@@@@@init_heap_pages: mfn=8414, nr_pages=114
(XEN) Freed 456kB init memory.
[    0.000000] Booting Linux on physical CPU 0x0000000000 [0x412fd050]
[    0.000000] Linux version 5.10.0+ (gaohuaiji@os-build-machine) (aarch64-openeuler-linux-gcc (crosstool-NG 1.26.0) 12.3.1, GNU ld (crosstool-NG 1.26.0) 2.41) #51 SMP PREEMPT_RT Thu Jun 4 15:49:34 CST 2026
[    0.000000] Machine model: TL3588-EVM
[    0.000000] earlycon: xenboot0 at I/O port 0x0 (options '')
[    0.000000] printk: bootconsole [xenboot0] enabled
[    0.000000] printk: debug: ignoring loglevel setting.
[    0.000000] Xen 4.20 support found
[    0.000000] efi: UEFI not found.
[    0.000000] OF: fdt: Reserved memory: failed to reserve memory for node 'drm-logo@00000000': base 0x0000000000000000, size 0 MiB
[    0.000000] OF: fdt: Reserved memory: failed to reserve memory for node 'drm-cubic-lut@00000000': base 0x0000000000000000, size 0 MiB
[    0.000000] Reserved memory: created CMA memory pool at 0x0000000010000000, size 128 MiB
[    0.000000] OF: reserved mem: initialized node cma, compatible id shared-dma-pool
[    0.000000] Zone ranges:
[    0.000000]   DMA      [mem 0x0000000000110000-0x00000000e7ffffff]
[    0.000000]   DMA32    empty
[    0.000000]   Normal   empty
[    0.000000] Movable zone start for each node
[    0.000000] Early memory node ranges
[    0.000000]   node   0: [mem 0x0000000000110000-0x00000000001fffff]
[    0.000000]   node   0: [mem 0x0000000010000000-0x0000000017ffffff]
[    0.000000]   node   0: [mem 0x0000000020900000-0x00000000218fffff]
[    0.000000]   node   0: [mem 0x0000000050000000-0x0000000057ffffff]
[    0.000000]   node   0: [mem 0x0000000058200000-0x00000000583fffff]
[    0.000000]   node   0: [mem 0x0000000060000000-0x000000006fffffff]
[    0.000000]   node   0: [mem 0x0000000070000000-0x000000007cffffff]
[    0.000000]   node   0: [mem 0x0000000080000000-0x00000000e7ffffff]
[    0.000000] Initmem setup node 0 [mem 0x0000000000110000-0x00000000e7ffffff]
[    0.000000] On node 0 totalpages: 615152
[    0.000000]   DMA zone: 9612 pages used for memmap
[    0.000000]   DMA zone: 0 pages reserved
[    0.000000]   DMA zone: 615152 pages, LIFO batch:63
[    0.000000] On node 0, zone DMA: 768 pages in unavailable ranges
[    0.000000] psci: probing for conduit method from DT.
[    0.000000] psci: PSCIv1.1 detected in firmware.
[    0.000000] psci: Using standard PSCI v0.2 function IDs
[    0.000000] psci: Trusted OS migration not required
[    0.000000] psci: SMC Calling Convention v1.2
[    0.000000] percpu: Embedded 31 pages/cpu s88392 r8192 d30392 u126976
[    0.000000] pcpu-alloc: s88392 r8192 d30392 u126976 alloc=31*4096
[    0.000000] pcpu-alloc: [0] 0 [0] 1 [0] 2 [0] 3 [0] 4 [0] 5 [0] 6 [0] 7 
[    0.000000] Detected VIPT I-cache on CPU0
[    0.000000] CPU features: detected: GIC system register CPU interface
[    0.000000] CPU features: detected: ARM errata 1165522, 1319367, or 1530923
[    0.000000] Built 1 zonelists, mobility grouping on.  Total pages: 605540
[    0.000000] NCTI Kernel command line: earlycon=xenboot console=ttyS2 root=/dev/mmcblk0p5 rw rootwait init=/sbin/init irqchip.gicv3_pseudo_nmi=0 ignore_loglevel clk_ignore_unused loglvl=all guest_loglvl=all nokaslr
[    0.000000] Dentry cache hash table entries: 524288 (order: 10, 4194304 bytes, linear)
[    0.000000] Inode-cache hash table entries: 262144 (order: 9, 2097152 bytes, linear)
[    0.000000] mem auto-init: stack:all(zero), heap alloc:off, heap free:off
[    0.000000] Memory: 1972428K/2460608K available (21184K kernel code, 4164K rwdata, 8540K rodata, 6912K init, 4911K bss, 357108K reserved, 131072K cma-reserved)
[    0.000000] SLUB: HWalign=64, Order=0-3, MinObjects=0, CPUs=8, Nodes=1
[    0.000000] ftrace: allocating 61540 entries in 241 pages
[    0.000000] ftrace: allocated 241 pages with 5 groups
[    0.000000] rcu: Preemptible hierarchical RCU implementation.
[    0.000000] rcu: 	RCU event tracing is enabled.
[    0.000000] rcu: 	RCU priority boosting: priority 1 delay 500 ms.
[    0.000000] rcu: 	RCU_SOFTIRQ processing moved to rcuc kthreads.
[    0.000000] 	No expedited grace period (rcu_normal_after_boot).
[    0.000000] 	Trampoline variant of Tasks RCU enabled.
[    0.000000] 	Rude variant of Tasks RCU enabled.
[    0.000000] 	Tracing variant of Tasks RCU enabled.
[    0.000000] rcu: RCU calculated value of scheduler-enlistment delay is 100 jiffies.
[    0.000000] NR_IRQS: 64, nr_irqs: 64, preallocated irqs: 0
[    0.000000] GICv3: 480 SPIs implemented
[    0.000000] GICv3: 0 Extended SPIs implemented
(XEN) d0v0: vGICD: RAZ on reserved register offset 0x00000c
[    0.000000] GICv3: Distributor has no Range Selector support
[    0.000000] GICv3: 16 PPIs implemented
(XEN) d0v0: vGICD: unhandled word write 0x000000ffffffff to ICACTIVER4
(XEN) d0v0: vGICD: unhandled word write 0x000000ffffffff to ICACTIVER8
(XEN) d0v0: vGICD: unhandled word write 0x000000ffffffff to ICACTIVER12
(XEN) d0v0: vGICD: unhandled word write 0x000000ffffffff to ICACTIVER16
(XEN) d0v0: vGICD: unhandled word write 0x000000ffffffff to ICACTIVER20
(XEN) d0v0: vGICD: unhandled word write 0x000000ffffffff to ICACTIVER24
(XEN) d0v0: vGICD: unhandled word write 0x000000ffffffff to ICACTIVER28
(XEN) d0v0: vGICD: unhandled word write 0x000000ffffffff to ICACTIVER32
(XEN) d0v0: vGICD: unhandled word write 0x000000ffffffff to ICACTIVER36
(XEN) d0v0: vGICD: unhandled word write 0x000000ffffffff to ICACTIVER40
(XEN) d0v0: vGICD: unhandled word write 0x000000ffffffff to ICACTIVER44
(XEN) d0v0: vGICD: unhandled word write 0x000000ffffffff to ICACTIVER48
(XEN) d0v0: vGICD: unhandled word write 0x000000ffffffff to ICACTIVER52
(XEN) d0v0: vGICD: unhandled word write 0x000000ffffffff to ICACTIVER56
(XEN) d0v0: vGICD: unhandled word write 0x000000ffffffff to ICACTIVER60
[    0.000000] GICv3: CPU0: found redistributor 0 region 0:0x00000000fe680000
(XEN) d0v0: vGICR: SGI: unhandled word write 0x000000ffffffff to ICACTIVER0
[    0.000000] ITS [mem 0xfe640000-0xfe65ffff]
[    0.000000] ITS@0x00000000fe640000: Devices doesn't stick: 8907000053200207 9907000053200207
[    0.000000] ITS@0x00000000fe640000: failed probing (-6)
[    0.000000] ITS [mem 0xfe660000-0xfe67ffff]
[    0.000000] ITS@0x00000000fe660000: Devices doesn't stick: 8907000053200207 9907000053200207
[    0.000000] ITS@0x00000000fe660000: failed probing (-6)
[    0.000000] ITS: No ITS available, not enabling LPIs
[    0.000000] rcu: 	Offload RCU callbacks from CPUs: (none).
[    0.000000] arch_timer: cp15 timer(s) running at 24.00MHz (virt).
[    0.000000] clocksource: arch_sys_counter: mask: 0xffffffffffffff max_cycles: 0x588fe9dc0, max_idle_ns: 440795202592 ns
[    0.000000] sched_clock: 56 bits at 24MHz, resolution 41ns, wraps every 4398046511097ns
[    0.002235] Console: colour dummy device 80x25
[    0.002302] Lock dependency validator: Copyright (c) 2006 Red Hat, Inc., Ingo Molnar
[    0.002319] ... MAX_LOCKDEP_SUBCLASSES:  8
[    0.002332] ... MAX_LOCK_DEPTH:          48
[    0.002344] ... MAX_LOCKDEP_KEYS:        8192
[    0.002356] ... CLASSHASH_SIZE:          4096
[    0.002367] ... MAX_LOCKDEP_ENTRIES:     32768
[    0.002378] ... MAX_LOCKDEP_CHAINS:      65536
[    0.002390] ... CHAINHASH_SIZE:          32768
[    0.002401]  memory used by lock dependency info: 3637 kB
[    0.002414]  per task-struct memory footprint: 1920 bytes
[    0.002482] Calibrating delay loop (skipped), value calculated using timer frequency.. 48.00 BogoMIPS (lpj=24000)
[    0.002509] pid_max: default: 32768 minimum: 301
[    0.003180] LSM: Security Framework initializing
[    0.003282] SELinux:  Initializing.
[    0.003782] Mount-cache hash table entries: 8192 (order: 4, 65536 bytes, linear)
[    0.003847] Mountpoint-cache hash table entries: 8192 (order: 4, 65536 bytes, linear)
[    0.014944] arm-pv: PV sched is not available
[    0.017464] xen:grant_table: Grant tables using version 1 layout
[    0.017550] Grant table initialized
[    0.017611] xen:events: Using FIFO-based ABI
[    0.017754] Xen: initializing cpu0
[    0.018455] rcu: Hierarchical SRCU implementation.
[    0.025726] msi-controller: unable to locate ITS domain
[    0.025766] msi-controller: unable to locate ITS domain
[    0.026361] msi-controller: Unable to locate ITS domain
[    0.026395] msi-controller: Unable to locate ITS domain
[    0.026700] EFI services will not be available.
[    0.029311] smp: Bringing up secondary CPUs ...
[    0.033291] Detected VIPT I-cache on CPU1
[    0.033364] GICv3: CPU1: found redistributor 1 region 0:0x00000000fe6a0000
(XEN) d0v1: vGICR: SGI: unhandled word write 0x000000ffffffff to ICACTIVER0
[    0.033491] Xen: initializing cpu1
[    0.033604] CPU1: Booted secondary processor 0x0000000001 [0x412fd050]
[    0.038532] Detected VIPT I-cache on CPU2
[    0.038603] GICv3: CPU2: found redistributor 2 region 0:0x00000000fe6c0000
(XEN) d0v2: vGICR: SGI: unhandled word write 0x000000ffffffff to ICACTIVER0
[    0.038721] Xen: initializing cpu2
[    0.038829] CPU2: Booted secondary processor 0x0000000002 [0x412fd050]
[    0.043699] Detected VIPT I-cache on CPU3
[    0.043770] GICv3: CPU3: found redistributor 3 region 0:0x00000000fe6e0000
(XEN) d0v3: vGICR: SGI: unhandled word write 0x000000ffffffff to ICACTIVER0
[    0.043885] Xen: initializing cpu3
[    0.043993] CPU3: Booted secondary processor 0x0000000003 [0x412fd050]
[    0.048752] CPU features: detected: Kernel page table isolation (KPTI)
[    0.048770] CPU features: detected: Spectre-v2
[    0.048779] CPU features: detected: Spectre-v4
[    0.048787] CPU features: detected: Spectre-BHB
[    0.048825] Detected PIPT I-cache on CPU4
[    0.048862] GICv3: CPU4: found redistributor 4 region 0:0x00000000fe700000
(XEN) d0v4: vGICR: SGI: unhandled word write 0x000000ffffffff to ICACTIVER0
[    0.048922] Xen: initializing cpu4
[    0.048977] CPU4: Booted secondary processor 0x0000000004 [0x414fd0b0]
[    0.053268] Detected PIPT I-cache on CPU5
[    0.053316] GICv3: CPU5: found redistributor 5 region 0:0x00000000fe720000
(XEN) d0v5: vGICR: SGI: unhandled word write 0x000000ffffffff to ICACTIVER0
[    0.053381] Xen: initializing cpu5
[    0.053435] CPU5: Booted secondary processor 0x0000000005 [0x414fd0b0]
[    0.058014] Detected PIPT I-cache on CPU6
[    0.058064] GICv3: CPU6: found redistributor 6 region 0:0x00000000fe740000
(XEN) d0v6: vGICR: SGI: unhandled word write 0x000000ffffffff to ICACTIVER0
[    0.058126] Xen: initializing cpu6
[    0.058180] CPU6: Booted secondary processor 0x0000000006 [0x414fd0b0]
[    0.062603] smp: Brought up 1 node, 7 CPUs
[    0.062630] SMP: Total of 7 processors activated.
[    0.062645] CPU features: detected: Privileged Access Never
[    0.062660] CPU features: detected: LSE atomic instructions
[    0.062674] CPU features: detected: 32-bit EL0 Support
[    0.062687] CPU features: detected: Common not Private translations
[    0.062702] CPU features: detected: Data cache clean to the PoU not required for I/D coherence
[    0.062719] CPU features: detected: CRC32 instructions
[    0.062732] CPU features: detected: Speculative Store Bypassing Safe (SSBS)
[    0.349598] CPU: All CPU(s) started at EL1
[    0.349808] alternatives: patching kernel code
[    0.354252] devtmpfs: initialized
[    0.411946] Duplicate name in interrupt-controller, renamed to "msi-controller#1"
[    0.495214] clocksource: jiffies: mask: 0xffffffff max_cycles: 0xffffffff, max_idle_ns: 1911260446275000 ns
[    0.495247] futex hash table entries: 2048 (order: 7, 524288 bytes, linear)
[    0.497668] pinctrl core: initialized pinctrl subsystem
[    0.499594] DMI not present or invalid.
[    0.500373] NET: Registered protocol family 16
[    0.508178] DMA: preallocated 256 KiB GFP_KERNEL pool for atomic allocations
[    0.508967] DMA: preallocated 256 KiB GFP_KERNEL|GFP_DMA pool for atomic allocations
[    0.509381] DMA: preallocated 256 KiB GFP_KERNEL|GFP_DMA32 pool for atomic allocations
[    0.509509] audit: initializing netlink subsys (disabled)
[    0.509987] audit: type=2000 audit(0.282:1): state=initialized audit_enabled=0 res=1
[    0.513651] thermal_sys: Registered thermal governor 'fair_share'
[    0.513657] thermal_sys: Registered thermal governor 'step_wise'
[    0.513662] thermal_sys: Registered thermal governor 'user_space'
[    0.513666] thermal_sys: Registered thermal governor 'power_allocator'
[    0.514551] thermal thermal_zone1: power_allocator: sustainable_power will be estimated
[    0.514878] thermal thermal_zone2: power_allocator: sustainable_power will be estimated
[    0.515199] thermal thermal_zone3: power_allocator: sustainable_power will be estimated
[    0.515501] thermal thermal_zone4: power_allocator: sustainable_power will be estimated
[    0.515802] thermal thermal_zone5: power_allocator: sustainable_power will be estimated
[    0.516115] thermal thermal_zone6: power_allocator: sustainable_power will be estimated
[    0.516172] Registered FIQ tty driver
[    0.516928] hw-breakpoint: found 6 breakpoint and 4 watchpoint registers.
[    0.517611] ASID allocator initialised with 32768 entries
[    0.517644] xen:swiotlb_xen: Warning: only able to allocate 4 MB for software IO TLB
[    0.518135] software IO TLB: mapped [mem 0x0000000054400000-0x0000000054800000] (4MB)
[    0.716115] rockchip-gpio fd8a0000.gpio: probed /pinctrl/gpio@fd8a0000
[    0.721085] rockchip-gpio fec20000.gpio: probed /pinctrl/gpio@fec20000
[    0.724637] rockchip-gpio fec30000.gpio: probed /pinctrl/gpio@fec30000
[    0.728708] rockchip-gpio fec40000.gpio: probed /pinctrl/gpio@fec40000
[    0.732892] rockchip-gpio fec50000.gpio: probed /pinctrl/gpio@fec50000
[    0.733196] rockchip-pinctrl pinctrl: probed pinctrl
[    0.785065] cryptd: max_cpu_qlen set to 1000
[    0.820362] raid6: neonx8   gen()  4384 MB/s
[    0.838091] raid6: neonx8   xor()  3294 MB/s
[    0.855776] raid6: neonx4   gen()  4353 MB/s
[    0.873499] raid6: neonx4   xor()  3340 MB/s
[    0.891192] raid6: neonx2   gen()  3700 MB/s
[    0.908949] raid6: neonx2   xor()  2917 MB/s
[    0.926662] raid6: neonx1   gen()  2932 MB/s
[    0.944369] raid6: neonx1   xor()  2436 MB/s
[    0.962054] raid6: int64x8  gen()  2011 MB/s
[    0.979750] raid6: int64x8  xor()  1078 MB/s
[    0.997437] raid6: int64x4  gen()  2075 MB/s
[    1.015124] raid6: int64x4  xor()  1099 MB/s
[    1.032830] raid6: int64x2  gen()  1729 MB/s
[    1.050548] raid6: int64x2  xor()   935 MB/s
[    1.068237] raid6: int64x1  gen()  1425 MB/s
[    1.085949] raid6: int64x1  xor()   746 MB/s
[    1.085959] raid6: using algorithm neonx8 gen() 4384 MB/s
[    1.085965] raid6: .... xor() 3294 MB/s, rmw enabled
[    1.085972] raid6: using neon recovery algorithm
[    1.087620] rk-fiq-debugger: probe of fiq-debugger failed with error -22
[    1.087754] xen:balloon: Initialising balloon driver
[    1.090458] vcc5v0_sys: supplied by vcc12v_dcin
[    1.091682] vcc5v0_usbdcin: supplied by vcc12v_dcin
[    1.092924] vcc5v0_usb: supplied by vcc5v0_usbdcin
[    1.094127] reg-fixed-voltage pcie20-avdd0v85: Failed to register regulator: -517
[    1.094296] reg-fixed-voltage pcie20-avdd1v8: Failed to register regulator: -517
[    1.094457] reg-fixed-voltage pcie30-avdd0v75: Failed to register regulator: -517
[    1.094617] reg-fixed-voltage pcie30-avdd1v8: Failed to register regulator: -517
[    1.094869] vcc_1v1_nldo_s3: supplied by vcc5v0_sys
[    1.096582] vcc3v3_pcie30: supplied by vcc12v_dcin
[    1.097374] vcc5v0_host: supplied by vcc5v0_usb
[    1.100809] vcc5v0_typec: supplied by vcc5v0_usb
[    1.103368] iommu: Default domain type: Translated 
[    1.131277] SCSI subsystem initialized
[    1.131374] libata version 3.00 loaded.
[    1.131854] usbcore: registered new interface driver usbfs
[    1.131992] usbcore: registered new interface driver hub
[    1.132092] usbcore: registered new device driver usb
[    1.132315] mc: Linux media interface: v0.10
[    1.132395] videodev: Linux video capture interface: v2.00
[    1.132559] pps_core: LinuxPPS API ver. 1 registered
[    1.132566] pps_core: Software ver. 5.3.6 - Copyright 2005-2007 Rodolfo Giometti <giometti@linux.it>
[    1.132593] PTP clock support registered
[    1.134286] arm-scmi firmware:scmi: SCMI Notifications - Core Enabled.
[    1.134422] arm-scmi firmware:scmi: SCMI Protocol v2.0 'rockchip:' Firmware version 0x0
[    1.138149] Advanced Linux Sound Architecture Driver Initialized.
[    1.139635] Bluetooth: Core ver 2.22
[    1.139702] NET: Registered protocol family 31
[    1.139709] Bluetooth: HCI device and connection manager initialized
[    1.139753] Bluetooth: HCI socket layer initialized
[    1.139773] Bluetooth: L2CAP socket layer initialized
[    1.139845] Bluetooth: SCO socket layer initialized
[    1.141954] rockchip-cpuinfo cpuinfo: SoC		: 35881000
[    1.141966] rockchip-cpuinfo cpuinfo: Serial		: 2a403f50bcbc9203
[    1.143479] clocksource: Switched to clocksource arch_sys_counter
(XEN) d1v0 DEBUG build: handling Set/Way traps with HAP enabled using full flushes; performance may degrade.
[    1.876233] NET: Registered protocol family 2
[    1.876627] IP idents hash table entries: 65536 (order: 7, 524288 bytes, linear)
[    1.878926] tcp_listen_portaddr_hash hash table entries: 2048 (order: 6, 409600 bytes, linear)
[    1.879341] TCP established hash table entries: 32768 (order: 6, 262144 bytes, linear)
[    1.883224] TCP bind hash table entries: 32768 (order: 10, 6291456 bytes, vmalloc)
[    1.888596] TCP: Hash tables configured (established 32768 bind 32768)
[    1.888969] UDP hash table entries: 2048 (order: 7, 851968 bytes, linear)
[    1.889682] UDP-Lite hash table entries: 2048 (order: 7, 851968 bytes, linear)
[    1.890669] NET: Registered protocol family 1
[    1.892589] RPC: Registered named UNIX socket transport module.
[    1.892603] RPC: Registered udp transport module.
[    1.892612] RPC: Registered tcp transport module.
[    1.892620] RPC: Registered tcp NFSv4.1 backchannel transport module.
[    1.895206] PCI: CLS 0 bytes, default 64
[    1.922701] Initialise system trusted keyrings
[    1.923332] workingset: timestamp_bits=46 max_order=20 bucket_order=0
[    1.958699] squashfs: version 4.0 (2009/01/31) Phillip Lougher
[    1.961113] NFS: Registering the id_resolver key type
[    1.961207] Key type id_resolver registered
[    1.961216] Key type id_legacy registered
[    1.961309] ntfs: driver 2.1.32 [Flags: R/O].
[    1.962001] jffs2: version 2.2. (NAND) © 2001-2006 Red Hat, Inc.
[    1.962676] fuse: init (API version 7.33)
[    1.964194] SGI XFS with security attributes, no debug enabled
[    2.001944] NET: Registered protocol family 38
[    2.002000] xor: measuring software checksum speed
[    2.004174]    8regs           :  4700 MB/sec
[    2.005981]    32regs          :  5570 MB/sec
[    2.007614]    arm64_neon      :  6524 MB/sec
[    2.007623] xor: using function: arm64_neon (6524 MB/sec)
[    2.007639] Key type asymmetric registered
[    2.007676] Asymmetric key parser 'x509' registered
[    2.007744] Block layer SCSI generic (bsg) driver version 0.4 loaded (major 242)
[    2.008354] io scheduler mq-deadline registered
[    2.008368] io scheduler kyber registered
[    2.041143] rockchip-hdptx-phy-hdmi fed60000.hdmiphy: hdptx phy init success
[    2.057116] pwm-backlight backlight: supply power not found, using dummy regulator
[    2.058977] iep: Module initialized.
[    2.059164] mpp_service mpp-srv: ffbf2bdd9b9e author: zengwenzheng 2025-04-15 drivers/video: fix rga crash issue
[    2.059175] mpp_service mpp-srv: probe start
[    2.069842] mpp_vdpu2 fdb50400.vdpu: Adding to iommu group 1
[    2.070524] mpp_vdpu2 fdb50400.vdpu: probe device
[    2.071320] mpp_vdpu2 fdb50400.vdpu: reset_group->rw_sem_on=0
[    2.071344] mpp_vdpu2 fdb50400.vdpu: reset_group->rw_sem_on=0
[    2.072776] mpp_vdpu2 fdb50400.vdpu: probing finish
[    2.074058] mpp_vepu2 jpege-ccu: probing start
[    2.074073] mpp_vepu2 jpege-ccu: probing finish
[    2.074591] mpp_vepu2 fdb50000.vepu: Adding to iommu group 1
[    2.074995] mpp_vepu2 fdb50000.vepu: probing start
[    2.075684] mpp_vepu2 fdb50000.vepu: reset_group->rw_sem_on=0
[    2.075698] mpp_vepu2 fdb50000.vepu: reset_group->rw_sem_on=0
[    2.077128] mpp_vepu2 fdb50000.vepu: probing finish
[    2.078054] mpp_vepu2 fdba0000.jpege-core: Adding to iommu group 5
[    2.078741] mpp_vepu2 fdba0000.jpege-core: probing start
[    2.079580] mpp_vepu2 fdba0000.jpege-core: attach ccu success
[    2.080899] mpp_vepu2 fdba0000.jpege-core: probing finish
[    2.081811] mpp_vepu2 fdba4000.jpege-core: Adding to iommu group 6
[    2.082366] mpp_vepu2 fdba4000.jpege-core: probing start
[    2.083183] mpp_vepu2 fdba4000.jpege-core: attach ccu success
[    2.084576] mpp_vepu2 fdba4000.jpege-core: probing finish
[    2.085491] mpp_vepu2 fdba8000.jpege-core: Adding to iommu group 7
[    2.086037] mpp_vepu2 fdba8000.jpege-core: probing start
[    2.086865] mpp_vepu2 fdba8000.jpege-core: attach ccu success
[    2.088342] mpp_vepu2 fdba8000.jpege-core: probing finish
[    2.089264] mpp_vepu2 fdbac000.jpege-core: Adding to iommu group 8
[    2.089838] mpp_vepu2 fdbac000.jpege-core: probing start
[    2.090653] mpp_vepu2 fdbac000.jpege-core: attach ccu success
[    2.092015] mpp_vepu2 fdbac000.jpege-core: probing finish
[    2.093788] mpp-iep2 fdbb0000.iep: Adding to iommu group 9
[    2.094336] mpp-iep2 fdbb0000.iep: probe device
[    2.096188] mpp-iep2 fdbb0000.iep: allocate roi buffer failed
[    2.097506] mpp-iep2 fdbb0000.iep: probing finish
[    2.099137] mpp_jpgdec fdb90000.jpegd: Adding to iommu group 4
[    2.099831] mpp_jpgdec fdb90000.jpegd: probe device
[    2.102048] mpp_jpgdec fdb90000.jpegd: probing finish
[    2.103631] mpp_rkvdec2 fdc30000.rkvdec-ccu: rkvdec-ccu, probing start
[    2.103999] mpp_rkvdec2 fdc30000.rkvdec-ccu: ccu-mode: 1
[    2.104008] mpp_rkvdec2 fdc30000.rkvdec-ccu: probing finish
[    2.104740] mpp_rkvdec2 fdc38100.rkvdec-core: Adding to iommu group 12
[    2.105333] mpp_rkvdec2 fdc38100.rkvdec-core: rkvdec-core, probing start
[    2.106146] mpp_rkvdec2 fdc38100.rkvdec-core: shared_niu_a is not found!
[    2.106156] rkvdec2_init:1022: No niu aclk reset resource define
[    2.106166] mpp_rkvdec2 fdc38100.rkvdec-core: shared_niu_h is not found!
[    2.106173] rkvdec2_init:1025: No niu hclk reset resource define
[    2.106256] mpp_rkvdec2 fdc38100.rkvdec-core: no regulator, devfreq is disabled
[    2.106694] mpp_rkvdec2 fdc38100.rkvdec-core: core_mask=00010001
[    2.106704] mpp_rkvdec2 fdc38100.rkvdec-core: attach ccu as core 0
[    2.107408] mpp_rkvdec2 fdc38100.rkvdec-core: sram_start 0x00000000ff001000
[    2.107418] mpp_rkvdec2 fdc38100.rkvdec-core: rcb_iova 0x00000000fff00000
[    2.107426] mpp_rkvdec2 fdc38100.rkvdec-core: sram_size 491520
[    2.107451] mpp_rkvdec2 fdc38100.rkvdec-core: rcb_size 1048576
[    2.107461] mpp_rkvdec2 fdc38100.rkvdec-core: min_width 512
[    2.108249] mpp_rkvdec2 fdc38100.rkvdec-core: probing finish
[    2.108981] mpp_rkvdec2 fdc48100.rkvdec-core: Adding to iommu group 13
[    2.109558] mpp_rkvdec2 fdc48100.rkvdec-core: rkvdec-core, probing start
[    2.110362] mpp_rkvdec2 fdc48100.rkvdec-core: shared_niu_a is not found!
[    2.110370] rkvdec2_init:1022: No niu aclk reset resource define
[    2.110380] mpp_rkvdec2 fdc48100.rkvdec-core: shared_niu_h is not found!
[    2.110386] rkvdec2_init:1025: No niu hclk reset resource define
[    2.110482] mpp_rkvdec2 fdc48100.rkvdec-core: no regulator, devfreq is disabled
[    2.110881] mpp_rkvdec2 fdc48100.rkvdec-core: core_mask=00020002
[    2.110930] mpp_rkvdec2 fdc48100.rkvdec-core: attach ccu as core 1
[    2.111862] mpp_rkvdec2 fdc48100.rkvdec-core: sram_start 0x00000000ff079000
[    2.111873] mpp_rkvdec2 fdc48100.rkvdec-core: rcb_iova 0x00000000ffe00000
[    2.111881] mpp_rkvdec2 fdc48100.rkvdec-core: sram_size 487424
[    2.111887] mpp_rkvdec2 fdc48100.rkvdec-core: rcb_size 1048576
[    2.111896] mpp_rkvdec2 fdc48100.rkvdec-core: min_width 512
[    2.112721] mpp_rkvdec2 fdc48100.rkvdec-core: probing finish
[    2.113775] mpp_rkvenc2 rkvenc-ccu: probing start
[    2.113790] mpp_rkvenc2 rkvenc-ccu: probing finish
[    2.114402] mpp_rkvenc2 fdbd0000.rkvenc-core: Adding to iommu group 10
[    2.115010] mpp_rkvenc2 fdbd0000.rkvenc-core: probing start
[    2.115957] mpp_rkvenc2 fdbd0000.rkvenc-core: dev_pm_opp_set_regulators: no regulator (venc) found: -19
[    2.116072] rkvenc_init:1905: failed to add venc devfreq
[    2.116270] mpp_rkvenc2 fdbd0000.rkvenc-core: attach ccu as core 0
[    2.117121] mpp_rkvenc2 fdbd0000.rkvenc-core: probing finish
[    2.117821] mpp_rkvenc2 fdbe0000.rkvenc-core: Adding to iommu group 11
[    2.118328] mpp_rkvenc2 fdbe0000.rkvenc-core: probing start
[    2.119219] mpp_rkvenc2 fdbe0000.rkvenc-core: dev_pm_opp_set_regulators: no regulator (venc) found: -19
[    2.119298] rkvenc_init:1905: failed to add venc devfreq
[    2.119623] mpp_rkvenc2 fdbe0000.rkvenc-core: attach ccu as core 1
[    2.120365] mpp_rkvenc2 fdbe0000.rkvenc-core: probing finish
[    2.124119] mpp_av1dec: Adding child /av1d@fdc70000
[    2.125811] mpp_av1dec: register device av1d-master
[    2.125886] mpp_av1dec av1d-master: av1_iommu_of_xlate,784
[    2.126147] av1_iommu_probe_device,736, consumer : av1d-master, supplier : fdca0000.iommu
[    2.126197] mpp_av1dec av1d-master: Adding to iommu group 15
[    2.126772] mpp_av1dec av1d-master: probing start
[    2.129164] mpp_av1dec av1d-master: probing finish
[    2.129539] mpp_service mpp-srv: probe success
[    2.157878] dma-pl330 fea10000.dma-controller: Loaded driver for PL330 DMAC-241330
[    2.157896] dma-pl330 fea10000.dma-controller: 	DBUFF-128x8bytes Num_Chans-8 Num_Peri-32 Num_Events-16
[    2.165864] dma-pl330 fea30000.dma-controller: Loaded driver for PL330 DMAC-241330
[    2.165878] dma-pl330 fea30000.dma-controller: 	DBUFF-128x8bytes Num_Chans-8 Num_Peri-32 Num_Events-16
[    2.173805] dma-pl330 fed10000.dma-controller: Loaded driver for PL330 DMAC-241330
[    2.173819] dma-pl330 fed10000.dma-controller: 	DBUFF-128x8bytes Num_Chans-8 Num_Peri-32 Num_Events-16
[    2.176001] rockchip-pvtm fda40000.pvtm: pvtm@0 probed
[    2.176222] rockchip-pvtm fda50000.pvtm: pvtm@1 probed
[    2.176426] rockchip-pvtm fda60000.pvtm: pvtm@2 probed
[    2.176647] rockchip-pvtm fdaf0000.pvtm: pvtm@3 probed
[    2.176844] rockchip-pvtm fdb30000.pvtm: pvtm@4 probed
[    2.177999] rockchip-system-monitor rockchip-system-monitor: system monitor probe
[    2.181896] xen:xen_evtchn: Event-channel device installed
[    2.189538] Serial: 8250/16550 driver, 10 ports, IRQ sharing disabled
[    2.198352] feb60000.serial: ttyS3 at MMIO 0xfeb60000 (irq = 81, base_baud = 1500000) is a 16550A
[    2.200739] feb80000.serial: ttyS5 at MMIO 0xfeb80000 (irq = 82, base_baud = 1500000) is a 16550A
[    2.202781] feba0000.serial: ttyS7 at MMIO 0xfeba0000 (irq = 83, base_baud = 1500000) is a 16550A
[    2.204885] febb0000.serial: ttyS8 at MMIO 0xfebb0000 (irq = 84, base_baud = 1500000) is a 16550A
[    2.207170] febc0000.serial: ttyS9 at MMIO 0xfebc0000 (irq = 85, base_baud = 1500000) is a 16550A
[    2.211857] random: crng init done
[    2.239094] panel-simple-dsi fde20000.dsi.0: supply power not found, using dummy regulator
[    2.240494] panel-simple-dsi fde30000.dsi.0: supply power not found, using dummy regulator
[    2.247247] mali fb000000.gpu: Kernel DDK version g11p0-01eac0
[    2.247314] mali fb000000.gpu: Power control initialization failed error = -517
[    2.247340] mali fb000000.gpu: Device initialization Deferred
[    2.260562] brd: module loaded
[    2.292709] loop: module loaded
[    2.294990] zram: Added device: zram0
[    2.296516] lkdtm: No crash points registered, enable through debugfs
[    2.297194] system_heap: orders[0] = 6
[    2.297208] system_heap: orders[1] = 4
[    2.297214] system_heap: orders[2] = 0
[    2.304679] ahci fe220000.sata: supply ahci not found, using dummy regulator
[    2.305092] ahci fe220000.sata: supply phy not found, using dummy regulator
[    2.305513] ahci fe220000.sata: supply target not found, using dummy regulator
[    2.305874] ahci fe220000.sata: forcing port_map 0x0 -> 0x1
[    2.305941] ahci fe220000.sata: AHCI 0001.0300 32 slots 1 ports 6 Gbps 0x1 impl platform mode
[    2.305954] ahci fe220000.sata: flags: ncq sntf pm led clo only pmp fbs pio slum part ccc apst 
[    2.306009] ahci fe220000.sata: port 0 is not capable of FBS
[    2.310124] scsi host0: ahci
[    2.311245] ata1: SATA max UDMA/133 mmio [mem 0xfe220000-0xfe220fff] port 0x100 irq 102
[    2.327531] rk806 spi2.0: chip id: RK806,ver:0x2, 0x1
[    2.328591] rk806 spi2.0: ON: 0x40 OFF:0x0
[    2.339595] vdd_gpu_s0: supplied by vcc5v0_sys
[    2.343253] vdd_cpu_lit_s0: supplied by vcc5v0_sys
[    2.346691] vdd_log_s0: supplied by vcc5v0_sys
[    2.349887] vdd_vdenc_s0: supplied by vcc5v0_sys
[    2.353464] vdd_ddr_s0: supplied by vcc5v0_sys
[    2.355679] vdd2_ddr_s3: supplied by vcc5v0_sys
[    2.358760] vdd_2v0_pldo_s3: supplied by vcc5v0_sys
[    2.361571] vcc_3v3_s3: supplied by vcc5v0_sys
[    2.364169] vddq_ddr_s0: supplied by vcc5v0_sys
[    2.367358] vcc_1v8_s3: supplied by vcc5v0_sys
[    2.370261] vdd_0v75_s3: supplied by vcc_1v1_nldo_s3
[    2.373332] vdd_ddr_pll_s0: supplied by vcc_1v1_nldo_s3
[    2.375800] avdd_0v75_s0: Bringing 750000uV into 837500-837500uV
[    2.376589] avdd_0v75_s0: supplied by vcc_1v1_nldo_s3
[    2.379208] vdd_0v85_s0: supplied by vcc_1v1_nldo_s3
[    2.381956] vdd_0v75_s0: supplied by vcc_1v1_nldo_s3
[    2.385084] avcc_1v8_s0: supplied by vdd_2v0_pldo_s3
[    2.388503] vcc_1v8_s0: supplied by vdd_2v0_pldo_s3
[    2.391596] avdd_1v2_s0: supplied by vdd_2v0_pldo_s3
[    2.394702] vcc_3v3_s0: supplied by vcc5v0_sys
[    2.397351] vccio_sd_s0: supplied by vcc5v0_sys
[    2.400236] pldo6_s3: supplied by vcc5v0_sys
[    2.402766] rk806 spi2.0: no sleep-setting state
[    2.402779] rk806 spi2.0: no reset-setting pinctrl state
[    2.402786] rk806 spi2.0: no dvs-setting pinctrl state
[    2.414786] wireguard: allowedips self-tests: pass
[    2.614051] wireguard: nonce counter self-tests: pass
[    2.620587] ata1: SATA link down (SStatus 0 SControl 300)
[    3.107953] wireguard: ratelimiter self-tests: pass
[    3.108366] wireguard: WireGuard 1.0.0 loaded. See www.wireguard.com for information.
[    3.108374] wireguard: Copyright (C) 2015-2019 Jason A. Donenfeld <Jason@zx2c4.com>. All Rights Reserved.
[    3.111247] CAN device driver interface
[    3.135010] mcp251x spi0.0 can0: MCP2515 successfully initialized.
[    3.155760] mcp251x spi0.1 can1: MCP2515 successfully initialized.
[    3.158014] rk_gmac-dwmac fe1b0000.ethernet: IRQ eth_lpi not found
[    3.158536] rk_gmac-dwmac fe1b0000.ethernet: no regulator found
[    3.158548] rk_gmac-dwmac fe1b0000.ethernet: clock input or output? (output).
[    3.158557] rk_gmac-dwmac fe1b0000.ethernet: TX delay(0x36).
[    3.158566] rk_gmac-dwmac fe1b0000.ethernet: RX delay(0x12).
[    3.158595] rk_gmac-dwmac fe1b0000.ethernet: integrated PHY? (no).
[    3.158608] rk_gmac-dwmac fe1b0000.ethernet: cannot get clock mac_clk_rx
[    3.158619] rk_gmac-dwmac fe1b0000.ethernet: cannot get clock mac_clk_tx
[    3.158661] rk_gmac-dwmac fe1b0000.ethernet: cannot get clock clk_mac_speed
[    3.158947] rk_gmac-dwmac fe1b0000.ethernet: init for RGMII_RXID
[    3.159661] rk_gmac-dwmac fe1b0000.ethernet: User ID: 0x30, Synopsys ID: 0x51
[    3.159677] rk_gmac-dwmac fe1b0000.ethernet: 	DWMAC4/5
[    3.159685] rk_gmac-dwmac fe1b0000.ethernet: DMA HW capability register supported
[    3.159693] rk_gmac-dwmac fe1b0000.ethernet: RX Checksum Offload Engine supported
[    3.159700] rk_gmac-dwmac fe1b0000.ethernet: TX Checksum insertion supported
[    3.159707] rk_gmac-dwmac fe1b0000.ethernet: Wake-Up On Lan supported
[    3.159838] rk_gmac-dwmac fe1b0000.ethernet: TSO supported
[    3.159846] rk_gmac-dwmac fe1b0000.ethernet: Enable RX Mitigation via HW Watchdog Timer
[    3.159857] rk_gmac-dwmac fe1b0000.ethernet: Enabled Flow TC (entries=2)
[    3.159864] rk_gmac-dwmac fe1b0000.ethernet: TSO feature enabled
[    3.159872] rk_gmac-dwmac fe1b0000.ethernet: Using 32 bits DMA width
[    3.159986] rk_gmac-dwmac fe1b0000.ethernet: Unbalanced pm_runtime_enable!
[    3.316154] xen_netfront: Initialising Xen virtual ethernet driver
[    3.316499] usbcore: registered new interface driver rtl8150
[    3.316616] usbcore: registered new interface driver r8152
[    3.316732] usbcore: registered new interface driver asix
[    3.316812] usbcore: registered new interface driver ax88179_178a
[    3.316891] usbcore: registered new interface driver cdc_ether
[    3.316973] usbcore: registered new interface driver net1080
[    3.317053] usbcore: registered new interface driver cdc_subset
[    3.317139] usbcore: registered new interface driver zaurus
[    3.317272] usbcore: registered new interface driver cdc_ncm
[    3.346739] ehci_hcd: USB 2.0 'Enhanced' Host Controller (EHCI) Driver
[    3.346934] ehci-pci: EHCI PCI platform driver
[    3.347239] ehci-platform: EHCI generic platform driver
[    3.352349] ehci-platform fc800000.usb: EHCI Host Controller
[    3.354698] ehci-platform fc800000.usb: new USB bus registered, assigned bus number 1
[    3.356385] ehci-platform fc800000.usb: irq 17, io mem 0xfc800000
[    3.363616] ehci-platform fc800000.usb: USB 2.0 started, EHCI 1.00
[    3.365899] usb usb1: New USB device found, idVendor=1d6b, idProduct=0002, bcdDevice= 5.10
[    3.365931] usb usb1: New USB device strings: Mfr=3, Product=2, SerialNumber=1
[    3.365952] usb usb1: Product: EHCI Host Controller
[    3.365969] usb usb1: Manufacturer: Linux 5.10.0+ ehci_hcd
[    3.365986] usb usb1: SerialNumber: fc800000.usb
[    3.371339] hub 1-0:1.0: USB hub found
[    3.371566] hub 1-0:1.0: 1 port detected
[    3.380688] ehci-platform fc880000.usb: EHCI Host Controller
[    3.381301] ehci-platform fc880000.usb: new USB bus registered, assigned bus number 2
[    3.382090] ehci-platform fc880000.usb: irq 19, io mem 0xfc880000
[    3.388502] ehci-platform fc880000.usb: USB 2.0 started, EHCI 1.00
[    3.388932] usb usb2: New USB device found, idVendor=1d6b, idProduct=0002, bcdDevice= 5.10
[    3.388945] usb usb2: New USB device strings: Mfr=3, Product=2, SerialNumber=1
[    3.388954] usb usb2: Product: EHCI Host Controller
[    3.388961] usb usb2: Manufacturer: Linux 5.10.0+ ehci_hcd
[    3.388969] usb usb2: SerialNumber: fc880000.usb
[    3.390749] hub 2-0:1.0: USB hub found
[    3.390808] hub 2-0:1.0: 1 port detected
[    3.392963] ohci_hcd: USB 1.1 'Open' Host Controller (OHCI) Driver
[    3.393008] ohci-platform: OHCI generic platform driver
[    3.393694] ohci-platform fc840000.usb: Generic Platform OHCI controller
[    3.394314] ohci-platform fc840000.usb: new USB bus registered, assigned bus number 3
[    3.395184] ohci-platform fc840000.usb: irq 18, io mem 0xfc840000
[    3.450790] usb usb3: New USB device found, idVendor=1d6b, idProduct=0001, bcdDevice= 5.10
[    3.450808] usb usb3: New USB device strings: Mfr=3, Product=2, SerialNumber=1
[    3.450817] usb usb3: Product: Generic Platform OHCI controller
[    3.450824] usb usb3: Manufacturer: Linux 5.10.0+ ohci_hcd
[    3.450832] usb usb3: SerialNumber: fc840000.usb
[    3.452572] hub 3-0:1.0: USB hub found
[    3.452624] hub 3-0:1.0: 1 port detected
[    3.454571] ohci-platform fc8c0000.usb: Generic Platform OHCI controller
[    3.455179] ohci-platform fc8c0000.usb: new USB bus registered, assigned bus number 4
[    3.456080] ohci-platform fc8c0000.usb: irq 20, io mem 0xfc8c0000
[    3.512528] usb usb4: New USB device found, idVendor=1d6b, idProduct=0001, bcdDevice= 5.10
[    3.512561] usb usb4: New USB device strings: Mfr=3, Product=2, SerialNumber=1
[    3.512582] usb usb4: Product: Generic Platform OHCI controller
[    3.512599] usb usb4: Manufacturer: Linux 5.10.0+ ohci_hcd
[    3.512616] usb usb4: SerialNumber: fc8c0000.usb
[    3.517411] hub 4-0:1.0: USB hub found
[    3.517978] hub 4-0:1.0: 1 port detected
[    3.530196] xhci-hcd xhci-hcd.3.auto: xHCI Host Controller
[    3.531832] xhci-hcd xhci-hcd.3.auto: new USB bus registered, assigned bus number 5
[    3.532354] xhci-hcd xhci-hcd.3.auto: hcc params 0x0220fe64 hci version 0x110 quirks 0x0000002002010010
[    3.533413] xhci-hcd xhci-hcd.3.auto: irq 120, io mem 0xfcd00000
[    3.536572] usb usb5: New USB device found, idVendor=1d6b, idProduct=0002, bcdDevice= 5.10
[    3.536604] usb usb5: New USB device strings: Mfr=3, Product=2, SerialNumber=1
[    3.536624] usb usb5: Product: xHCI Host Controller
[    3.536641] usb usb5: Manufacturer: Linux 5.10.0+ xhci-hcd
[    3.536657] usb usb5: SerialNumber: xhci-hcd.3.auto
[    3.541314] hub 5-0:1.0: USB hub found
[    3.541686] hub 5-0:1.0: 1 port detected
[    3.544863] xhci-hcd xhci-hcd.3.auto: xHCI Host Controller
[    3.546304] xhci-hcd xhci-hcd.3.auto: new USB bus registered, assigned bus number 6
[    3.546360] xhci-hcd xhci-hcd.3.auto: Host supports USB 3.0 SuperSpeed
[    3.546836] usb usb6: We don't know the algorithms for LPM for this host, disabling LPM.
[    3.547641] usb usb6: New USB device found, idVendor=1d6b, idProduct=0003, bcdDevice= 5.10
[    3.547671] usb usb6: New USB device strings: Mfr=3, Product=2, SerialNumber=1
[    3.547691] usb usb6: Product: xHCI Host Controller
[    3.547708] usb usb6: Manufacturer: Linux 5.10.0+ xhci-hcd
[    3.547725] usb usb6: SerialNumber: xhci-hcd.3.auto
[    3.552587] hub 6-0:1.0: USB hub found
[    3.552764] hub 6-0:1.0: 1 port detected
[    3.557039] xhci-hcd xhci-hcd.4.auto: xHCI Host Controller
[    3.558596] xhci-hcd xhci-hcd.4.auto: new USB bus registered, assigned bus number 7
[    3.559135] xhci-hcd xhci-hcd.4.auto: hcc params 0x0220fe64 hci version 0x110 quirks 0x0000002002010010
[    3.560310] xhci-hcd xhci-hcd.4.auto: irq 121, io mem 0xfc400000
[    3.563647] usb usb7: New USB device found, idVendor=1d6b, idProduct=0002, bcdDevice= 5.10
[    3.563677] usb usb7: New USB device strings: Mfr=3, Product=2, SerialNumber=1
[    3.563698] usb usb7: Product: xHCI Host Controller
[    3.563714] usb usb7: Manufacturer: Linux 5.10.0+ xhci-hcd
[    3.563731] usb usb7: SerialNumber: xhci-hcd.4.auto
[    3.568352] hub 7-0:1.0: USB hub found
[    3.568615] hub 7-0:1.0: 1 port detected
[    3.571691] xhci-hcd xhci-hcd.4.auto: xHCI Host Controller
[    3.573061] xhci-hcd xhci-hcd.4.auto: new USB bus registered, assigned bus number 8
[    3.573117] xhci-hcd xhci-hcd.4.auto: Host supports USB 3.0 SuperSpeed
[    3.573584] usb usb8: We don't know the algorithms for LPM for this host, disabling LPM.
[    3.574332] usb usb8: New USB device found, idVendor=1d6b, idProduct=0003, bcdDevice= 5.10
[    3.574360] usb usb8: New USB device strings: Mfr=3, Product=2, SerialNumber=1
[    3.574381] usb usb8: Product: xHCI Host Controller
[    3.574397] usb usb8: Manufacturer: Linux 5.10.0+ xhci-hcd
[    3.574414] usb usb8: SerialNumber: xhci-hcd.4.auto
[    3.579253] hub 8-0:1.0: USB hub found
[    3.579417] hub 8-0:1.0: 1 port detected
[    3.583708] usbcore: registered new interface driver cdc_acm
[    3.583733] cdc_acm: USB Abstract Control Model driver for USB modems and ISDN adapters
[    3.584909] usbcore: registered new interface driver uas
[    3.585588] usbcore: registered new interface driver usb-storage
[    3.586265] usbcore: registered new interface driver usbserial_generic
[    3.586686] usbserial: USB Serial support registered for generic
[    3.587217] usbcore: registered new interface driver cp210x
[    3.587381] usbserial: USB Serial support registered for cp210x
[    3.587988] usbcore: registered new interface driver ftdi_sio
[    3.588169] usbserial: USB Serial support registered for FTDI USB Serial Device
[    3.588912] usbcore: registered new interface driver keyspan
[    3.589082] usbserial: USB Serial support registered for Keyspan - (without firmware)
[    3.589247] usbserial: USB Serial support registered for Keyspan 1 port adapter
[    3.589410] usbserial: USB Serial support registered for Keyspan 2 port adapter
[    3.589634] usbserial: USB Serial support registered for Keyspan 4 port adapter
[    3.590167] usbcore: registered new interface driver option
[    3.590332] usbserial: USB Serial support registered for GSM modem (1-port)
[    3.591286] usbcore: registered new interface driver oti6858
[    3.591507] usbserial: USB Serial support registered for oti6858
[    3.592037] usbcore: registered new interface driver pl2303
[    3.592238] usbserial: USB Serial support registered for pl2303
[    3.592825] usbcore: registered new interface driver qcserial
[    3.592994] usbserial: USB Serial support registered for Qualcomm USB modem
[    3.593591] usbcore: registered new interface driver sierra
[    3.593788] usbserial: USB Serial support registered for Sierra USB modem
[    3.599212] ads7846 spi4.0: supply vcc not found, using dummy regulator
[    3.600654] ads7846 spi4.0: touchscreen, irq 122
[    3.601959] input: ADS7846 Touchscreen as /devices/platform/fecb0000.spi/spi_master/spi4/spi4.0/input/input0
[    3.603728] usbcore: registered new interface driver usbtouchscreen
[    3.607893] input: rk805 pwrkey as /devices/platform/feb20000.spi/spi_master/spi2/spi2.0/rk805-pwrkey.1.auto/input/input1
[    3.609993] i2c /dev entries driver
[    3.618864] vdd_cpu_big0_s0: supplied by vcc5v0_sys
[    3.631606] usb 2-1: new high-speed USB device number 2 using ehci-platform
[    3.634889] vdd_cpu_big1_s0: supplied by vcc5v0_sys
[    3.649169] rtc-ds1307 0-0068: registered as rtc0
[    3.650632] rtc-ds1307 0-0068: hctosys: unable to read the hardware clock
[    3.660348] vdd_npu_s0: supplied by vcc5v0_sys
[    3.673938] Goodix-TS 2-005d: supply AVDD28 not found, using dummy regulator
[    3.674382] Goodix-TS 2-005d: supply VDDIO not found, using dummy regulator
[    3.761076] Goodix-TS 2-005d: i2c test failed attempt 1: -6
[    3.761707] usb 2-1: New USB device found, idVendor=1a86, idProduct=8091, bcdDevice= 3.40
[    3.761743] usb 2-1: New USB device strings: Mfr=0, Product=2, SerialNumber=0
[    3.761764] usb 2-1: Product: USB HUB
[    3.766178] hub 2-1:1.0: USB hub found
[    3.766618] hub 2-1:1.0: 4 ports detected
[    3.782894] Goodix-TS 2-005d: i2c test failed attempt 2: -6
[    3.804490] Goodix-TS 2-005d: I2C communication failure: -6
[    3.810963] i2c i2c-4: Failed to register i2c client icm42607_gyro at 0x68 (-16)
[    3.810979] i2c i2c-4: of_i2c: Failure registering /i2c@feac0000/icm_gyro@68
[    3.810996] i2c i2c-4: Failed to create I2C device for /i2c@feac0000/icm_gyro@68
[    3.815457] usbcore: registered new interface driver uvcvideo
[    3.815471] USB Video Class driver (1.1.1)
[    3.820415] rockchip-thermal fec00000.tsadc: Missing rockchip,grf property
[    3.823046] rockchip-thermal fec00000.tsadc: tsadc is probed successfully!
[    3.825958] device-mapper: ioctl: 4.43.0-ioctl (2020-10-01) initialised: dm-devel@redhat.com
[    3.826409] Bluetooth: HCI UART driver ver 2.3
[    3.826419] Bluetooth: HCI UART protocol H4 registered
[    3.826426] Bluetooth: HCI UART protocol ATH3K registered
[    3.826644] usbcore: registered new interface driver bfusb
[    3.826818] usbcore: registered new interface driver btusb
[    3.829669] cpu cpu0: bin=2
[    3.829926] cpu cpu0: leakage=15
[    3.832428] cpu cpu0: pvtm=1470
[    3.833257] cpu cpu0: pvtm-volt-sel=5
[    3.843289] cpu cpu4: bin=2
[    3.843994] cpu cpu4: leakage=12
[    3.856648] cpu cpu4: pvtm=1707
[    3.865348] cpu cpu4: pvtm-volt-sel=7
[    3.876047] cpu cpu6: bin=2
[    3.876583] cpu cpu6: leakage=12
[    3.889042] cpu cpu6: pvtm=1714
[    3.897979] cpu cpu6: pvtm-volt-sel=7
[    3.925815] cpu cpu0: EM: OPP:1200000 is inefficient
[    3.925827] cpu cpu0: EM: OPP:1008000 is inefficient
[    3.926422] cpu cpu0: EM: created perf domain
[    3.926557] cpu cpu0: l=10000 h=85000 hyst=5000 l_limit=0 h_limit=1608000000 h_table=0
[    3.934337] cpu cpu4: EM: OPP:1200000 is inefficient
[    3.934347] cpu cpu4: EM: OPP:1008000 is inefficient
[    3.934352] cpu cpu4: EM: OPP:600000 is inefficient
[    3.935037] cpu cpu4: EM: created perf domain
[    3.935109] cpu cpu4: l=10000 h=85000 hyst=5000 l_limit=0 h_limit=2208000000 h_table=0
[    3.956333] cpu cpu6: EM: OPP:1200000 is inefficient
[    3.956339] cpu cpu6: EM: OPP:1008000 is inefficient
[    3.956342] cpu cpu6: EM: OPP:600000 is inefficient
[    3.956758] cpu cpu6: EM: created perf domain
[    3.957530] cpu cpu6: l=10000 h=85000 hyst=5000 l_limit=0 h_limit=2208000000 h_table=0
[    3.975047] failed to register cpuidle driver
[    3.975941] sdhci: Secure Digital Host Controller Interface driver
[    3.975946] sdhci: Copyright(c) Pierre Ossman
[    3.975949] Synopsys Designware Multimedia Card Interface Driver
[    3.976761] sdhci-pltfm: SDHCI platform and OF driver helper
[    3.978606] dwmmc_rockchip fe2c0000.mmc: IDMAC supports 32-bit address mode.
[    3.978662] dwmmc_rockchip fe2c0000.mmc: Using internal DMA controller.
[    3.978677] dwmmc_rockchip fe2c0000.mmc: Version ID is 270a
[    3.979255] dwmmc_rockchip fe2c0000.mmc: DW MMC controller at irq 68,32 bit host data width,256 deep fifo
[    3.979495] leds-gpio: probe of leds failed with error -16
[    3.980211] SMCCC: SOC_ID: ARCH_SOC_ID not implemented, skipping ....
[    3.981612] cryptodev: driver 1.12 loaded.
[    3.981664] hid: raw HID events driver (C) Jiri Kosina
[    3.982032] usbcore: registered new interface driver usbhid
[    3.982037] usbhid: USB HID core driver
[    3.982422] dwmmc_rockchip fe2c0000.mmc: Failed getting OCR mask: -22
[    3.983712] dwmmc_rockchip fe2c0000.mmc: could not set regulator OCR (-22)
[    3.983728] dwmmc_rockchip fe2c0000.mmc: failed to enable vmmc regulator
[    3.988998] optee: probing for conduit method.
(XEN) d0v4 Unhandled SMC/HVC: 0xbf00ff01
[    3.989013] optee: api uid mismatch
[    3.989026] optee: probe of firmware:optee failed with error -22
[    3.990408] usbcore: registered new interface driver snd-usb-audio
[    3.998193] mmc_host mmc1: Bus speed (slot 0) = 400000Hz (slot req 400000Hz, actual 400000HZ div = 0)
[    4.003350] IPVS: Registered protocols (TCP, UDP)
[    4.003388] IPVS: Connection hash table configured (size=4096, memory=32Kbytes)
[    4.003505] IPVS: ipvs loaded.
[    4.003533] IPVS: [rr] scheduler registered.
[    4.003824] Initializing XFRM netlink socket
[    4.004855] NET: Registered protocol family 10
[    4.006799] Segment Routing with IPv6
[    4.006872] NET: Registered protocol family 17
[    4.006932] NET: Registered protocol family 15
[    4.007034] Bridge firewalling registered
[    4.007038] can: controller area network core
[    4.007281] NET: Registered protocol family 29
[    4.007289] can: raw protocol
[    4.007320] can: broadcast manager protocol
[    4.007332] can: netlink gateway - max_hops=1
[    4.007863] Bluetooth: RFCOMM socket layer initialized
[    4.007889] Bluetooth: RFCOMM ver 1.11
[    4.007905] Bluetooth: HIDP (Human Interface Emulation) ver 1.2
[    4.007915] Bluetooth: HIDP socket layer initialized
[    4.007965] 8021q: 802.1Q VLAN Support v1.8
[    4.008110] [BT_RFKILL]: Enter rfkill_rk_init
[    4.008114] [WLAN_RFKILL]: Enter rfkill_wlan_init
[    4.008914] Key type dns_resolver registered
[    4.010448] printk: bootconsole [xenboot0]: printing thread started
[    4.010568] Loading compiled-in X.509 certificates
[    4.011586] mmc0: SDHCI controller on fe2e0000.mmc [fe2e0000.mmc] using PIO
[    4.013804] Loaded X.509 cert 'QsemOS: lkm signing key: 46200e9d542f3179fbedfb6526de34a65dbe67e5'
[    4.016775] Btrfs loaded, crc32c=crc32c-generic
[    4.017596] rga3_core0 fdb60000.rga: Adding to iommu group 2
[    4.017811] rga: rga3_core0, irq = 33, match scheduler
[    4.018822] rga: rga3_core0 hardware loaded successfully, hw_version:3.0.76831.
[    4.018913] rga: rga3_core0 probe successfully
[    4.019662] rga3_core1 fdb70000.rga: Adding to iommu group 3
[    4.019872] rga: rga3_core1, irq = 34, match scheduler
[    4.020966] rga: rga3_core1 hardware loaded successfully, hw_version:3.0.76831.
[    4.021067] rga: rga3_core1 probe successfully
[    4.021751] rga: rga2, irq = 35, match scheduler
[    4.022635] rga: rga2 hardware loaded successfully, hw_version:3.2.63318.
[    4.022652] rga: rga2 probe successfully
[    4.023050] rga_iommu: IOMMU binding successfully, default mapping core[0x1]
[    4.023509] rga: Module initialized. v1.3.1
[    4.051472] mmc0: new HS400 Enhanced strobe MMC card at address 0001
[    4.053777] mmcblk0: mmc0:0001 88A19B 28.9 GiB 
[    4.054397] mmcblk0boot0: mmc0:0001 88A19B partition 1 4.00 MiB
[    4.055130] mmcblk0boot1: mmc0:0001 88A19B partition 2 4.00 MiB
[    4.055977] mmcblk0rpmb: mmc0:0001 88A19B partition 3 4.00 MiB, chardev (235:0)
[    4.057464] usb 2-1.3: new high-speed USB device number 3 using ehci-platform
[    4.073923]  mmcblk0: p1 p2 p3 p4 p5 p6
[    4.150475] usb 2-1.3: New USB device found, idVendor=0bda, idProduct=8179, bcdDevice= 0.00
[    4.150481] usb 2-1.3: New USB device strings: Mfr=1, Product=2, SerialNumber=3
[    4.150483] usb 2-1.3: Product: 802.11n NIC
[    4.150485] usb 2-1.3: Manufacturer: Realtek
[    4.159067] pcie20_avdd0v85: supplied by vdd_0v85_s0
[    4.160003] pcie20_avdd1v8: supplied by avcc_1v8_s0
[    4.160881] pcie30_avdd0v75: supplied by avdd_0v75_s0
[    4.161982] vendor storage:20190527 ret = 0
[    4.162361] pcie30_avdd1v8: supplied by avcc_1v8_s0
[    4.168122] input: adc-keys1 as /devices/platform/adc-keys1/input/input2
[    4.168794] mali fb000000.gpu: Kernel DDK version g11p0-01eac0
[    4.169081] input: adc-keys2 as /devices/platform/adc-keys2/input/input3
[    4.169877] mali fb000000.gpu: bin=2
[    4.170079] mali fb000000.gpu: leakage=21
[    4.170127] debugfs: Directory 'fb000000.gpu-mali' with parent 'vdd_gpu_s0' already present!
[    4.171302] rockchip-dmc dmc: bin=2
[    4.171496] rockchip-dmc dmc: leakage=46
[    4.171502] rockchip-dmc dmc: leakage-volt-sel=2
[    4.171512] rockchip-dmc dmc: soc version=2, speed=2
[    4.171853] mali fb000000.gpu: pvtm=906
[    4.172203] mali fb000000.gpu: pvtm-volt-sel=5
[    4.172215] mali fb000000.gpu: soc version=2, speed=5
[    4.174159] rockchip-dmc dmc: avs=0
[    4.174165] rockchip-dmc dmc: current ATF version 0x100
[    4.174722] rockchip-dmc dmc: normal_rate = 1560000000
[    4.174725] rockchip-dmc dmc: reboot_rate = 2112000000
[    4.174727] rockchip-dmc dmc: suspend_rate = 528000000
[    4.174729] rockchip-dmc dmc: video_4k_rate = 1560000000
[    4.174731] rockchip-dmc dmc: video_4k_10b_rate = 1560000000
[    4.174733] rockchip-dmc dmc: video_svep_rate = 1560000000
[    4.174735] rockchip-dmc dmc: boost_rate = 2112000000
[    4.174737] rockchip-dmc dmc: fixed_rate(isp|cif0|cif1|dualview) = 2112000000
[    4.174740] rockchip-dmc dmc: performance_rate = 2112000000
[    4.174742] rockchip-dmc dmc: hdmirx_rate = 2112000000
[    4.174748] rockchip-dmc dmc: failed to get vop bandwidth to dmc rate
[    4.174749] rockchip-dmc dmc: failed to get vop pn to msch rl
[    4.175061] rockchip-dmc dmc: l=10000 h=2147483647 hyst=5000 l_limit=0 h_limit=0 h_table=0
[    4.175616] mali fb000000.gpu: avs=0
[    4.175662] W : [File] : drivers/gpu/arm/bifrost/platform/rk/mali_kbase_config_rk.c; [Line] : 132; [Func] : kbase_platform_rk_init(); power-off-delay-ms not available.
[    4.175697] rockchip-dmc dmc: could not find power_model node
[    4.177404] mali fb000000.gpu: r0p0 status 5 is unknown; treating as r0p0 status 0
[    4.177408] mali fb000000.gpu: GPU identified as 0x7 arch 10.8.6 r0p0 status 0
[    4.177670] mali fb000000.gpu: No priority control manager is configured
[    4.177675] mali fb000000.gpu: No memory group manager is configured
[    4.177735] mali fb000000.gpu: Protected memory allocator not available
[    4.181139] mali fb000000.gpu: l=10000 h=85000 hyst=5000 l_limit=0 h_limit=800000000 h_table=0
[    4.183057] mali fb000000.gpu: Probed as mali0
[    4.194426] input: gpio-keys as /devices/platform/gpio-keys/input/input4
[    4.195014] of_cfs_init
[    4.195090] of_cfs_init: OK
[    4.196186] RKNPU fdab0000.npu: Adding to iommu group 0
[    4.196396] RKNPU fdab0000.npu: RKNPU: rknpu iommu is enabled, using iommu mode
[    4.198170] RKNPU fdab0000.npu: can't request region for resource [mem 0xfdab0000-0xfdabffff]
[    4.198194] RKNPU fdab0000.npu: can't request region for resource [mem 0xfdac0000-0xfdacffff]
[    4.198208] RKNPU fdab0000.npu: can't request region for resource [mem 0xfdad0000-0xfdadffff]
[    4.200206] [drm] Initialized rknpu 0.9.3 20231121 for fdab0000.npu on minor 0
[    4.205088] RKNPU fdab0000.npu: RKNPU: bin=2
[    4.205298] RKNPU fdab0000.npu: leakage=11
[    4.205374] debugfs: Directory 'fdab0000.npu-rknpu' with parent 'vdd_npu_s0' already present!
[    4.213567] RKNPU fdab0000.npu: pvtm=898
[    4.218810] RKNPU fdab0000.npu: pvtm-volt-sel=5
[    4.222353] RKNPU fdab0000.npu: avs=0
[    4.222653] RKNPU fdab0000.npu: l=10000 h=85000 hyst=5000 l_limit=0 h_limit=800000000 h_table=0
[    4.234371] RKNPU fdab0000.npu: failed to find power_model node
[    4.234374] RKNPU fdab0000.npu: RKNPU: failed to initialize power model
[    4.234377] RKNPU fdab0000.npu: RKNPU: failed to get dynamic-coefficient
[    4.238883] cfg80211: Loading compiled-in X.509 certificates for regulatory database
[    4.239233] cfg80211: Loaded X.509 cert 'sforshee: 00b28ddf47aef9cea7'
[    4.239424] platform regulatory.0: Direct firmware load for regulatory.db failed with error -2
[    4.239511] cfg80211: failed to load regulatory.db
(XEN) d0v4 rockchip: smc: Unknown function id 82000003
(XEN) d0v4 Unhandled SMC/HVC: 0x82000003
(XEN) d0v4 rockchip: smc: Unknown function id 82000003
(XEN) d0v4 Unhandled SMC/HVC: 0x82000003
(XEN) d0v4 rockchip: smc: Unknown function id 82000003
(XEN) d0v4 Unhandled SMC/HVC: 0x82000003
(XEN) d0v4 rockchip: smc: Unknown function id 82000003
(XEN) d0v4 Unhandled SMC/HVC: 0x82000003
[    4.239560] clk: Not disabling unused clocks
[    4.240390] rockchip-pm rockchip-suspend: not set pwm-regulator-config
[    4.243453] I : [File] : drivers/gpu/arm/mali400/mali/linux/mali_kernel_linux.c; [Line] : 405; [Func] : mali_module_init(); svn_rev_string_from_arm of this mali_ko is '', rk_ko_ver is '5', built at '14:25:38', on 'Jun  4 2026'.
[    4.245991] Mali: 
[    4.245992] Mali device driver loaded
[    4.246032] ALSA device list:
[    4.246079]   No soundcards found.
[    4.246120] Warning: unable to open an initial console.
[    4.263051] EXT4-fs (mmcblk0p5): mounted filesystem with ordered data mode. Opts: (null)
[    4.263112] VFS: Mounted root (ext4 filesystem) on device 179:5.
[    4.264069] devtmpfs: mounted
[    4.272853] Freeing unused kernel memory: 6912K
[    4.276519] Run /sbin/init as init process
[    4.276523]   with arguments:
[    4.276526]     /sbin/init
[    4.276527]     nokaslr
[    4.276529]   with environment:
[    4.276530]     HOME=/
[    4.276531]     TERM=linux
[    4.276532]     loglvl=all
[    4.276533]     guest_loglvl=all
[    4.310593] INFO: trying to register non-static key.
[    4.310598] The code is fine but needs lockdep annotation, or maybe
[    4.310600] you didn't initialize this object before use?
[    4.310602] turning off the locking correctness validator.
[    4.310606] CPU: 1 PID: 155 Comm: kworker/u16:1 Not tainted 5.10.0+ #51
[    4.310614] Hardware name: TL3588-EVM (DT)
[    4.310619] Workqueue: devfreq_wq devfreq_monitor
[    4.310638] Call trace:
[    4.310640]  dump_backtrace+0x0/0x1fc
[    4.310652]  show_stack+0x20/0x30
[    4.310659]  dump_stack+0xc0/0x118
[    4.310667]  register_lock_class+0x69c/0x6dc
[    4.310677]  __lock_acquire.constprop.0+0x5c/0x690
[    4.310684]  lock_acquire+0x1a4/0x310
[    4.310689]  _mutex_lock+0x5c/0x80
[    4.310696]  kbase_ipa_reset_data+0x3c/0xe0
[    4.310706]  kbase_devfreq_status+0x6c/0xa0
[    4.310714]  devfreq_simple_ondemand_func+0x40/0x140
[    4.310720]  update_devfreq+0x58/0xfc
[    4.310726]  devfreq_monitor+0x38/0x1ec
[    4.310732]  process_one_work+0x314/0x6a0
[    4.310740]  worker_thread+0x78/0x470
[    4.310747]  kthread+0x16c/0x1a0
[    4.310754]  ret_from_fork+0x10/0x34
[    4.780041] systemd[1]: Failed to find module 'autofs4'
[    4.842738] systemd[1]: systemd 253 running in system mode (+PAM -AUDIT -SELINUX -APPARMOR +IMA -SMACK +SECCOMP -GCRYPT -GNUTLS -OPENSSL +ACL +BLKID -CURL -ELFUTILS -FIDO2 -IDN2 -IDN +IPTC +KMOD -LIBCRYPTSETUP +LIBFDISK -PCRE2 -PWQUALITY -P11KIT -QRENCODE -TPM2 -BZIP2 -LZ4 -XZ -ZLIB +ZSTD -BPF_FRAMEWORK +XKBCOMMON +UTMP +SYSVINIT default-hierarchy=hybrid)
[    4.842750] systemd[1]: Detected architecture arm64.
[    4.868097] systemd[1]: Hostname set to <tl3588-ab>.
[    5.003911] systemd-sysv-generator[353]: SysV service '/etc/init.d/dhcp-server' lacks a native systemd unit file. Automatically generating a unit file for compatibility. Please update package to include a native systemd unit file, in order to make it more safe and robust.
[    5.004703] systemd-sysv-generator[353]: SysV service '/etc/init.d/rc.functions' lacks a native systemd unit file. Automatically generating a unit file for compatibility. Please update package to include a native systemd unit file, in order to make it more safe and robust.
[    5.008580] systemd-sysv-generator[353]: SysV service '/etc/init.d/save-rtc.sh' lacks a native systemd unit file. Automatically generating a unit file for compatibility. Please update package to include a native systemd unit file, in order to make it more safe and robust.
[    5.017740] systemd-sysv-generator[353]: SysV service '/etc/init.d/sshd' lacks a native systemd unit file. Automatically generating a unit file for compatibility. Please update package to include a native systemd unit file, in order to make it more safe and robust.
[    5.018829] systemd-sysv-generator[353]: SysV service '/etc/init.d/rcS' lacks a native systemd unit file. Automatically generating a unit file for compatibility. Please update package to include a native systemd unit file, in order to make it more safe and robust.
[    5.019942] systemd-sysv-generator[353]: SysV service '/etc/init.d/rc.sysinit' lacks a native systemd unit file. Automatically generating a unit file for compatibility. Please update package to include a native systemd unit file, in order to make it more safe and robust.
[    5.020260] systemd-sysv-generator[353]: SysV service '/etc/init.d/busybox-cron' lacks a native systemd unit file. Automatically generating a unit file for compatibility. Please update package to include a native systemd unit file, in order to make it more safe and robust.
[    5.028638] systemd-sysv-generator[353]: SysV service '/etc/init.d/sendsigs' lacks a native systemd unit file. Automatically generating a unit file for compatibility. Please update package to include a native systemd unit file, in order to make it more safe and robust.
[    5.032828] systemd-sysv-generator[353]: SysV service '/etc/init.d/umountfs' lacks a native systemd unit file. Automatically generating a unit file for compatibility. Please update package to include a native systemd unit file, in order to make it more safe and robust.
[    5.033160] systemd-sysv-generator[353]: SysV service '/etc/init.d/halt' lacks a native systemd unit file. Automatically generating a unit file for compatibility. Please update package to include a native systemd unit file, in order to make it more safe and robust.
[    5.033541] systemd-sysv-generator[353]: SysV service '/etc/init.d/rcK' lacks a native systemd unit file. Automatically generating a unit file for compatibility. Please update package to include a native systemd unit file, in order to make it more safe and robust.
[    5.039601] systemd-sysv-generator[353]: SysV service '/etc/init.d/umountnfs.sh' lacks a native systemd unit file. Automatically generating a unit file for compatibility. Please update package to include a native systemd unit file, in order to make it more safe and robust.
[    5.041104] systemd-sysv-generator[353]: SysV service '/etc/init.d/fuse' lacks a native systemd unit file. Automatically generating a unit file for compatibility. Please update package to include a native systemd unit file, in order to make it more safe and robust.
[    5.042202] systemd-sysv-generator[353]: SysV service '/etc/init.d/dhcp-relay' lacks a native systemd unit file. Automatically generating a unit file for compatibility. Please update package to include a native systemd unit file, in order to make it more safe and robust.
[    5.046524] systemd-sysv-generator[353]: SysV service '/etc/init.d/micad.init' lacks a native systemd unit file. Automatically generating a unit file for compatibility. Please update package to include a native systemd unit file, in order to make it more safe and robust.
[    5.046837] systemd-sysv-generator[353]: SysV service '/etc/init.d/single' lacks a native systemd unit file. Automatically generating a unit file for compatibility. Please update package to include a native systemd unit file, in order to make it more safe and robust.
[    5.049311] systemd-sysv-generator[353]: SysV service '/etc/init.d/reboot' lacks a native systemd unit file. Automatically generating a unit file for compatibility. Please update package to include a native systemd unit file, in order to make it more safe and robust.
[    5.470893] systemd[1]: Queued start job for default target Multi-User System.
[    5.544454] systemd[1]: Created slice Slice /system/getty.
[    5.546868] systemd[1]: Created slice Slice /system/modprobe.
[    5.549136] systemd[1]: Created slice Slice /system/serial-getty.
[    5.551164] systemd[1]: Created slice User and Session Slice.
[    5.551397] systemd[1]: Started Dispatch Password Requests to Console Directory Watch.
[    5.551638] systemd[1]: Started Forward Password Requests to Wall Directory Watch.
[    5.551746] systemd[1]: Reached target Remote File Systems.
[    5.551773] systemd[1]: Reached target Slice Units.
[    5.551811] systemd[1]: Reached target Swaps.
[    5.561147] systemd[1]: Listening on Syslog Socket.
[    5.561332] systemd[1]: Listening on initctl Compatibility Named Pipe.
[    5.561733] systemd[1]: Listening on Journal Audit Socket.
[    5.561978] systemd[1]: Listening on Journal Socket (/dev/log).
[    5.562300] systemd[1]: Listening on Journal Socket.
[    5.562619] systemd[1]: Listening on Network Service Netlink Socket.
[    5.562965] systemd[1]: Listening on udev Control Socket.
[    5.563184] systemd[1]: Listening on udev Kernel Socket.
[    5.563432] systemd[1]: Listening on User Database Manager Socket.
[    5.563716] systemd[1]: Huge Pages File System was skipped because of an unmet condition check (ConditionPathExists=/sys/kernel/mm/hugepages).
[    5.567147] systemd[1]: Mounting POSIX Message Queue File System...
[    5.573123] systemd[1]: Mounting Kernel Debug File System...
[    5.579931] systemd[1]: Mounting Kernel Trace File System...
[    5.580212] systemd[1]: Create List of Static Device Nodes was skipped because of an unmet condition check (ConditionFileNotEmpty=/lib/modules/5.10.0+/modules.devname).
[    5.584777] systemd[1]: Starting Load Kernel Module configfs...
[    5.589463] systemd[1]: Starting Load Kernel Module drm...
[    5.593306] systemd[1]: Starting Load Kernel Module fuse...
[    5.597368] systemd[1]: OpenVSwitch configuration for cleanup was skipped because of an unmet condition check (ConditionFileIsExecutable=/usr/bin/ovs-vsctl).
[    5.610816] systemd[1]: Starting Do depmod Before Load Kernel Modules...
[    5.619981] systemd[1]: Starting Journal Service...
[    5.624208] systemd[1]: Starting Generate network units from Kernel command line...
[    5.628035] systemd[1]: Starting Remount Root and Kernel File Systems...
[    5.641368] systemd[1]: Starting Coldplug All udev Devices...
[    5.646106] systemd[1]: modprobe@configfs.service: Deactivated successfully.
[    5.647215] systemd[1]: Finished Load Kernel Module configfs.
[    5.648043] systemd[1]: modprobe@drm.service: Deactivated successfully.
[    5.649714] systemd[1]: Finished Load Kernel Module drm.
[    5.651761] systemd[1]: Mounted POSIX Message Queue File System.
[    5.652058] systemd[1]: Mounted Kernel Debug File System.
[    5.652312] systemd[1]: Mounted Kernel Trace File System.
[    5.652978] systemd[1]: modprobe@fuse.service: Deactivated successfully.
[    5.653967] systemd[1]: Finished Load Kernel Module fuse.
[    5.654289] systemd[1]: systemd-depmod.service: Main process exited, code=exited, status=1/FAILURE
[    5.654712] systemd[1]: systemd-depmod.service: Failed with result 'exit-code'.
[    5.656425] systemd[1]: Failed to start Do depmod Before Load Kernel Modules.
[    5.665485] systemd-journald[364]: Collecting audit messages is enabled.
[    5.669293] systemd[1]: Mounting FUSE Control File System...
[    5.704052] systemd[1]: Mounting Kernel Configuration File System...
[    5.736846] systemd[1]: Starting Load Kernel Modules...
[    5.771080] systemd[1]: Finished Generate network units from Kernel command line.
[    5.796897] systemd[1]: Finished Remount Root and Kernel File Systems.
[    5.798256] systemd[1]: Mounted FUSE Control File System.
[    5.798919] systemd[1]: Mounted Kernel Configuration File System.
[    5.820763] systemd[1]: Finished Load Kernel Modules.
[    5.823307] systemd[1]: Rebuild Hardware Database was skipped because of an unmet condition check (ConditionNeedsUpdate=/etc).
[    5.856130] systemd[1]: Starting Apply Kernel Variables...
[    5.856333] systemd[1]: Create System Users was skipped because no trigger condition checks were met.
[    5.892214] systemd[1]: Starting Create Static Device Nodes in /dev...
[    5.962393] systemd[1]: Finished Apply Kernel Variables.
[    5.999786] systemd[1]: Finished Create Static Device Nodes in /dev.
[    6.000104] systemd[1]: Reached target Preparation for Local File Systems.
[    6.024045] audit: type=1334 audit(5.770:2): prog-id=5 op=LOAD
[    6.024253] audit: type=1334 audit(5.770:3): prog-id=6 op=LOAD
[    6.027914] systemd[1]: Starting Rule-based Manager for Device Events and Files...
[    6.128908] systemd[1]: Started Journal Service.
[    6.200619] systemd-journald[364]: Received client request to flush runtime journal.
[    9.006759] audit: type=1305 audit(8.753:4): op=set audit_enabled=1 old=1 auid=4294967295 ses=4294967295 subj=kernel res=1
[   12.019424] rk_gmac-dwmac fe1b0000.ethernet eth0: PHY [stmmac-0:00] driver [Generic PHY] (irq=POLL)
[   12.032308] dwmac4: Master AXI performs any burst length
[   12.032341] rk_gmac-dwmac fe1b0000.ethernet eth0: No Safety Features support found
[   12.032374] rk_gmac-dwmac fe1b0000.ethernet eth0: IEEE 1588-2008 Advanced Timestamp supported
[   12.034854] rk_gmac-dwmac fe1b0000.ethernet eth0: registered PTP clock
[   12.061485] rk_gmac-dwmac fe1b0000.ethernet eth0: configuring for phy/rgmii-rxid link mode
[   12.068271] 8021q: adding VLAN 0 to HW filter on device eth0
[   16.161235] rk_gmac-dwmac fe1b0000.ethernet eth0: Link is Up - 1Gbps/Full - flow control rx/tx
[   16.161287] IPv6: ADDRCONF(NETDEV_CHANGE): eth0: link becomes ready

QSemOS(QSemOS Reference Distro) 24.03-LTS tl3588-ab hvc0

   ____    _____                      ____    _____
  / __ \  / ___/  ___    ____ ___    / __ \  / ___/
 / / / /  \__ \  / _ \  / __ `__ \  / / / /  \__ \ 
/ /_/ /  ___/ / /  __/ / / / / / / / /_/ /  ___/ / 
\___\_\ /____/  \___/ /_/ /_/ /_/  \____/  /____/  


Authorized uses only. All activity may be monitored and reported.

tl3588-ab login: root

[32mtl3588-ab ~[m # 
[32mtl3588-ab ~[m # export TMOUT=0

i[32mtl3588-ab ~[m # 
fc[32mtl3588-ab ~[m # ifconfig eth1 down
ifconfig: SIOCGIFFLAGS: No such device
[32mtl3588-ab ~[m # 
[32mtl3588-ab ~[m # (XEN) !!!!!!!!!!!!!set gicv3 interrupt passthrough
(XEN) old mdcr_el2=0xe00
(XEN) new mdcr_el2=0xe0f
(XEN) origin hcr_el2=0x807c663f
(XEN) cur hcr_el2=0x807c060f
[   34.524485] vcc3v3_pcie30: disabling
[   34.524493] vcc_mipidcphy0: disabling
[   34.524496] vcc_3v3_sd_s0: disabling
[   34.524499] vcc5v0_typec: disabling
(XEN) !!!!!!!!!!!!!set gicv3 interrupt injection
^C
[32mtl3588-ab ~[m # 

[32mtl3588-ab ~[m # 
[32mtl3588-ab ~[m # reboot

[32mtl3588-ab ~[m # 
[32mtl3588-ab ~[m # [  628.642596] audit: type=1305 audit(628.389:118): op=set audit_pid=0 old=451 auid=4294967295 ses=4294967295 subj=kernel res=1
[  637.958257] audit: type=1305 audit(637.704:119): auid=4294967295 ses=4294967295op=remove_rule path="/var/log/wtmp" key="session" list=4 res=1
[  637.958267] audit: type=1305 audit(637.704:120): auid=4294967295 ses=4294967295op=remove_rule path="/var/log/faillog2" key="logins" list=4 res=1
[  637.958273] audit: type=1305 audit(637.704:121): auid=4294967295 ses=4294967295op=remove_rule path="/var/log/btmp" key="session" list=4 res=1
[  637.958285] audit: type=1305 audit(637.704:122): auid=4294967295 ses=4294967295op=remove_rule path="/var/log/tallylog" key="logins" list=4 res=1
[  637.958291] audit: type=1305 audit(637.704:123): auid=4294967295 ses=4294967295op=remove_rule path="/var/log/lastlog" key="logins" list=4 res=1
[  638.013110] audit: type=1334 audit(637.759:124): prog-id=10 op=UNLOAD
[  638.013136] audit: type=1334 audit(637.759:125): prog-id=9 op=UNLOAD
[  638.013698] audit: type=1334 audit(637.760:126): prog-id=8 op=UNLOAD
[  638.013729] audit: type=1334 audit(637.760:127): prog-id=7 op=UNLOAD
[  638.015202] audit: type=1334 audit(637.761:128): prog-id=6 op=UNLOAD
[  638.069188] systemd-shutdown[1]: Syncing filesystems and block devices.
[  638.085570] systemd-shutdown[1]: Sending SIGTERM to remaining processes...
[  638.097584] systemd-journald[364]: Received SIGTERM from PID 1 (systemd-shutdow).
[  638.110981] systemd-shutdown[1]: Sending SIGKILL to remaining processes...
[  638.156709] systemd-shutdown[1]: Unmounting file systems.
[  638.158842] (sd-remount)[800]: Remounting '/' read-only with options ''.
[  638.198569] EXT4-fs (mmcblk0p5): re-mounted. Opts: (null)
[  638.203041] systemd-shutdown[1]: All filesystems unmounted.
[  638.203045] systemd-shutdown[1]: Deactivating swaps.
[  638.203105] systemd-shutdown[1]: All swaps deactivated.
[  638.203108] systemd-shutdown[1]: Detaching loop devices.
[  638.204753] systemd-shutdown[1]: All loop devices detached.
[  638.204757] systemd-shutdown[1]: Stopping MD devices.
[  638.204910] systemd-shutdown[1]: All MD devices stopped.
[  638.204912] systemd-shutdown[1]: Detaching DM devices.
[  638.205049] systemd-shutdown[1]: All DM devices detached.
[  638.205051] systemd-shutdown[1]: All filesystems, swaps, loop devices, MD devices and DM devices detached.
[  638.218121] systemd-shutdown[1]: Syncing filesystems and block devices.
[  638.220386] systemd-shutdown[1]: Rebooting.
[  638.345269] rk860-regulator 1-0042: rk860..... reset
[  638.346238] rk860-regulator 1-0042: force rk860x_reset ok!
[  638.346259] rk860-regulator 0-0043: rk860..... reset
[  638.347231] rk860-regulator 0-0043: force rk860x_reset ok!
[  638.347238] rk860-regulator 0-0042: rk860..... reset
[  638.348201] rk860-regulator 0-0042: force rk860x_reset ok!
[  638.349560] mpp_av1dec av1d-master: shutdown device
[  638.349562] mpp_av1dec av1d-master: shutdown success
[  638.349571] mpp_rkvenc2 fdbe0000.rkvenc-core: shutdown device
[  638.349573] mpp_rkvenc2 fdbe0000.rkvenc-core: shutdown success
[  638.349578] mpp_rkvenc2 fdbd0000.rkvenc-core: shutdown device
[  638.349579] mpp_rkvenc2 fdbd0000.rkvenc-core: shutdown success
[  638.349585] mpp_rkvdec2 fdc48100.rkvdec-core: shutdown device
[  638.349586] mpp_rkvdec2 fdc48100.rkvdec-core: shutdown success
[  638.349591] mpp_rkvdec2 fdc38100.rkvdec-core: shutdown device
[  638.349592] mpp_rkvdec2 fdc38100.rkvdec-core: shutdown success
[  638.349599] mpp_jpgdec fdb90000.jpegd: shutdown device
[  638.349601] mpp_jpgdec fdb90000.jpegd: shutdown success
[  638.349605] mpp-iep2 fdbb0000.iep: shutdown device
[  638.349606] mpp-iep2 fdbb0000.iep: shutdown success
[  638.349612] mpp_vepu2 fdbac000.jpege-core: shutdown device
[  638.349613] mpp_vepu2 fdbac000.jpege-core: shutdown success
[  638.349618] mpp_vepu2 fdba8000.jpege-core: shutdown device
[  638.349620] mpp_vepu2 fdba8000.jpege-core: shutdown success
[  638.349624] mpp_vepu2 fdba4000.jpege-core: shutdown device
[  638.349626] mpp_vepu2 fdba4000.jpege-core: shutdown success
[  638.349630] mpp_vepu2 fdba0000.jpege-core: shutdown device
[  638.349632] mpp_vepu2 fdba0000.jpege-core: shutdown success
[  638.349636] mpp_vepu2 fdb50000.vepu: shutdown device
[  638.349638] mpp_vepu2 fdb50000.vepu: shutdown success
[  638.349642] mpp_vdpu2 fdb50400.vdpu: shutdown device
[  638.349643] mpp_vdpu2 fdb50400.vdpu: shutdown success
[  638.350147] xhci-hcd xhci-hcd.4.auto: remove, state 4
[  638.350153] usb usb8: USB disconnect, device number 1
[  638.350802] xhci-hcd xhci-hcd.4.auto: USB bus 8 deregistered
[  638.351019] xhci-hcd xhci-hcd.4.auto: remove, state 4
[  638.351024] usb usb7: USB disconnect, device number 1
[  638.351998] xhci-hcd xhci-hcd.4.auto: USB bus 7 deregistered
[  638.356584] xhci-hcd xhci-hcd.3.auto: remove, state 4
[  638.356591] usb usb6: USB disconnect, device number 1
[  638.357171] xhci-hcd xhci-hcd.3.auto: USB bus 6 deregistered
[  638.357380] xhci-hcd xhci-hcd.3.auto: remove, state 4
[  638.357385] usb usb5: USB disconnect, device number 1
[  638.358325] xhci-hcd xhci-hcd.3.auto: USB bus 5 deregistered
[  638.361259] reboot: Restarting system
(XEN) Hardware Dom0 shutdown: rebooting machine
U~UѼji`,+
jzk((XC((mˋٯ,j٫ٓ7YȾ}ޡ:$Qsiъi͸Qƻ4;ȃfSۻѣ#3dCw3K;ڃuH9OwAWWrfa;

U-Boot 2024.07-00114-g1fcb78edf1 (Apr 02 2026 - 11:52:05 +0800)

Model: Ncti rk3588 evb
DRAM:  4 GiB
Core:  315 devices, 28 uclasses, devicetree: separate
MMC:   mmc@fe2e0000: 0
Loading Environment from MMC... Reading from MMC(0)... OK
In:    serial@feb50000
Out:   serial@feb50000
Err:   serial@feb50000
Model: Ncti rk3588 evb
lt8912b id: [0xb212]
