   x13: 0x0000000013131313
x14: 0x000000002c000000   x15: 0x000000002c000000
x16: 0x000000002400f268   x17: 0x000000ff440c0400
x18: 0x0000000000c51835   x19: 0x0000000024065150
x20: 0x000000002404b538   x21: 0x0000000000000004
x22: 0x0000000000000004   x23: 0x0000000024055020
x24: 0x0000000024242424   x25: 0x0000000025252525
x26: 0x0000000026262626   x27: 0x0000000027272727
x28: 0x0000000028282828   x29: 0x0000000029292929
x30: 0x000000002401bfb8
elr: 0x000000002401bfbc   spsr: 0x00000000600003c5
far: 0x0000000060000ac4   esr: 0x0000000096000000
xzr: 0x0000000000000000   sp:0x000000002404aeb8

exception Occurrence Interrupt
stack info:
0x000000002404aeb8~0x000000002404aec8 : 0x00000012 0xaaa00000 0x00000000 0x00000000
0x000000002404aec8~0x000000002404aed8 : 0x00000013 0xaaa00000 0x00000000 0x00000000
0x000000002404aed8~0x000000002404aee8 : 0x00000014 0xaaa00000 0x00000000 0x00000000
0x000000002404aee8~0x000000002404aef8 : 0x00000015 0xaaa00000 0x00000000 0x00000000
0x000000002404aef8~0x000000002404af08 : 0x00000016 0xaaa00000 0x00000000 0x00000000
0x000000002404af08~0x000000002404af18 : 0x00000017 0xaaa00000 0x00000000 0x00000000
0x000000002404af18~0x000000002404af28 : 0x00000018 0xaaa00000 0x00000000 0x00000000
0x000000002404af28~0x000000002404af38 : 0x00000019 0xaaa00000 0x00000000 0x00000000
0x000000002404af38~0x000000002404af48 : 0x0000001a 0xaaa00000 0x00000000 0x00000000
0x000000002404af48~0x000000002404af58 : 0x0000001b 0xaaa00000 0x00000000 0x00000000

CoreId: 0 trigger exception
Get callstack info failed.
register info:
x0: 0x0000000060000000    x1: 0x0000000060000000
x2: 0x0000000024010c24    x3: 0x0000000000000001
x4: 0x00000000240184c0    x5: 0x0000000000000000
x6: 0x0000000000000020    x7: 0x000000002404a598
x8: 0x00000000ffffff80    x9: 0x0000000000000000
x10: 0x0000000010101010   x11: 0x0000000011111111
x12: 0x0000000012121212   x13: 0x0000000013131313
x14: 0x000000002c000000   x15: 0x000000002c000000
x16: 0x000000002400f268   x17: 0x000000ff440c0400
x18: 0x0000000000c51835   x19: 0x0000000024065150
x20: 0x000000002404ad58   x21: 0x0000000000000004
x22: 0x0000000000000004   x23: 0x0000000024055020
x24: 0x0000000024242424   x25: 0x0000000025252525
x26: 0x0000000026262626   x27: 0x0000000027272727
x28: 0x0000000028282828   x29: 0x0000000029292929
x30: 0x000000002401bfb8
elr: 0x000000002401bfbc   spsr: 0x00000000600003c5
far: 0x0000000060000ac4   esr: 0x0000000096000000
xzr: 0x0000000000000000   sp:0x000000002404a6d8

exception Occurrence Interrupt
stack info:
0x000000002404a6d8~0x000000002404a6e8 : 0x00000012 0xaaa00000 0x00000000 0x00000000
0x000000002404a6e8~0x000000002404a6f8 : 0x00000013 0xaaa00000 0x00000000 0x00000000
0x000000002404a6f8~0x000000002404a708 : 0x00000014 0xaaa00000 0x00000000 0x00000000
0x000000002404a708~0x000000002404a718 : 0x00000015 0xaaa00000 0x00000000 0x00000000
0x000000002404a718~0x000000002404a728 : 0x00000016 0xaaa00000 0x00000000 0x00000000
0x000000002404a728~0x000000002404a738 : 0x00000017 0xaaa00000 0x00000000 0x00000000
0x000000002404a738~0x000000002404a748 : 0x00000018 0xaaa00000 0x00000000 0x00000000
0x000000002404a748~0x000000002404a758 : 0x00000019 0xaaa00000 0x00000000 0x00000000
0x000000002404a758~0x000000002404a768 : 0x0000001a 0xaaa00000 0x00000000 0x00000000
0x000000002404a768~0x000000002404a778 : 0x0000001b 0xaaa00000 0x00000000 0x00000000

CoreId: 0 trigger exception
Get callstack info failed.
register info:
x0: 0x0000000060000000    x1: 0x0000000060000000
x2: 0x0000000024010c24    x3: 0x0000000000000001
x4: 0x00000000240184c0    x5: 0x0000000000000000
x6: 0x0000000000000020    x7: 0x0000000024049db8
x8: 0x00000000ffffff80    x9: 0x0000000000000000
x10: 0x0000000010101010   x11: 0x0000000011111111
x12: 0x0000000012121212   x13: 0x0000000013131313
x14: 0x000000002c000000   x15: 0x000000002c000000
x16: 0x000000002400f268   x17: 0x000000ff440c0400
x18: 0x0000000000c51835   x19: 0x0000000024065150
x20: 0x000000002404a578   x21: 0x0000000000000004
x22: 0x0000000000000004   x23: 0x0000000024055020
x24: 0x0000000024242424   x25: 0x0000000025252525
x26: 0x0000000026262626   x27: 0x0000000027272727
x28: 0x0000000028282828   x29: 0x0000000029292929
x30: 0x000000002401bfb8
elr: 0x000000002401bfbc   spsr: 0x00000000600003c5
far: 0x0000000060000ac4   esr: 0x0000000096000000
xzr: 0x0000000000000000   sp:0x0000000024049ef8

exception Occurrence Interrupt
stack info:
0x0000000024049ef8~0x0000000024049f08 : 0x00000012 0xaaa00000 0x00000000 0x00000000
0x0000000024049f08~0x0000000024049f18 : 0x00000013 0xaaa00000 0x00000000 0x00000000
0x0000000024049f18~0x0000000024049f28 : 0x00000014 0xaaa00000 0x00000000 0x00000000
0x0000000024049f28~0x0000000024049f38 : 0x00000015 0xaaa00000 0x00000000 0x00000000
0x0000000024049f38~0x0000000024049f48 : 0x00000016 0xaaa00000 0x00000000 0x00000000
0x0000000024049f48~0x0000000024049f58 : 0x00000017 0xaaa00000 0x00000000 0x00000000
0x0000000024049f58~0x0000000024049f68 : 0x00000018 0xaaa00000 0x00000000 0x00000000
0x0000000024049f68~0x0000000024049f78 : 0x00000019 0xaaa00000 0x00000000 0x00000000
0x0000000024049f78~0x0000000024049f88 : 0x0000001a 0xaaa00000 0x00000000 0x00000000
0x0000000024049f88~0x0000000024049f98 : 0x0000001b 0xaaa00000 0x00000000 0x00000000

CoreId: 0 trigger exception
Get callstack info failed.
register info:
x0: 0x0000000060000000    x1: 0x0000000060000000
x2: 0x0000000024010c24    x3: 0x0000000000000001
x4: 0x00000000240184c0    x5: 0x0000000000000000
x6: 0x0000000000000020    x7: 0x00000000240495d8
x8: 0x00000000ffffff80    x9: 0x0000000000000000
x10: 0x0000000010101010   x11: 0x0000000011111111
x12: 0x0000000012121212   x13: 0x0000000013131313
x14: 0x000000002c000000   x15: 0x000000002c000000
x16: 0x000000002400f268   x17: 0x000000ff440c0400
x18: 0x0000000000c51835   x19: 0x0000000024065150
x20: 0x0000000024049d98   x21: 0x0000000000000004
x22: 0x0000000000000004   x23: 0x0000000024055020
x24: 0x0000000024242424   x25: 0x0000000025252525
x26: 0x0000000026262626   x27: 0x0000000027272727
x28: 0x0000000028282828   x29: 0x0000000029292929
x30: 0x000000002401bfb8
elr: 0x000000002401bfbc   spsr: 0x00000000600003c5
far: 0x0000000060000ac4   esr: 0x0000000096000000
xzr: 0x0000000000000000   sp:0x0000000024049718

exception Occurrence Interrupt
stack info:
0x0000000024049718~0x0000000024049728 : 0x00000012 0xaaa00000 0x00000000 0x00000000
0x0000000024049728~0x0000000024049738 : 0x00000013 0xaaa00000 0x00000000 0x00000000
0x0000000024049738~0x0000000024049748 : 0x00000014 0xaaa00000 0x00000000 0x00000000
0x0000000024049748~0x0000000024049758 : 0x00000015 0xaaa00000 0x00000000 0x00000000
0x0000000024049758~0x0000000024049768 : 0x00000016 0xaaa00000 0x00000000 0x00000000
0x0000000024049768~0x0000000024049778 : 0x00000017 0xaaa00000 0x00000000 0x00000000
0x0000000024049778~0x0000000024049788 : 0x00000018 0xaaa00000 0x00000000 0x00000000
0x0000000024049788~0x0000000024049798 : 0x00000019 0xaaa00000 0x00000000 0x00000000
0x0000000024049798~0x00000000240497a8 : 0x0000001a 0xaaa00000 0x00000000 0x00000000
0x00000000240497a8~0x00000000240497b8 : 0x0000001b 0xaaa00000 0x00000000 0x00000000

CoreId: 0 trigger exception
Get callstack info failed.
register info:
x0: 0x0000000060000000    x1: 0x0000000060000000
x2: 0x0000000024010c24    x3: 0x0000000000000001
x4: 0x00000000240184c0    x5: 0x0000000000000000
x6: 0x0000000000000020    x7: 0x0000000024048df8
x8: 0x00000000ffffff80    x9: 0x0000000000000000
x10: 0x0000000010101010   x11: 0x0000000011111111
x12: 0x0000000012121212   x13: 0x0000000013131313
x14: 0x000000002c000000   x15: 0x000000002c000000
x16: 0x000000002400f268   x17: 0x000000ff440c0400
x18: 0x0000000000c51835   x19: 0x0000000024065150
x20: 0x00000000240495b8   x21: 0x0000000000000004
x22: 0x0000000000000004   x23: 0x0000000024055020
x24: 0x0000000024242424   x25: 0x0000000025252525
x26: 0x0000000026262626   x27: 0x0000000027272727
x28: 0x0000000028282828   x29: 0x0000000029292929
x30: 0x000000002401bfb8
elr: 0x000000002401bfbc   spsr: 0x00000000600003c5
far: 0x0000000060000ac4   esr: 0x0000000096000000
xzr: 0x0000000000000000   sp:0x0000000024048f38

exception Occurrence Interrupt
stack info:
0x0000000024048f38~0x0000000024048f48 : 0x00000012 0xaaa00000 0x00000000 0x00000000
0x0000000024048f48~0x0000000024048f58 : 0x00000013 0xaaa00000 0x00000000 0x00000000
0x0000000024048f58~0x0000000024048f68 : 0x00000014 0xaaa00000 0x00000000 0x00000000
0x0000000024048f68~0x0000000024048f78 : 0x00000015 0xaaa00000 0x00000000 0x00000000
0x0000000024048f78~0x0000000024048f88 : 0x00000016 0xaaa00000 0x00000000 0x00000000
0x0000000024048f88~0x0000000024048f98 : 0x00000017 0xaaa00000 0x00000000 0x00000000
0x0000000024048f98~0x0000000024048fa8 : 0x00000018 0xaaa00000 0x00000000 0x00000000
0x0000000024048fa8~0x0000000024048fb8 : 0x00000019 0xaaa00000 0x00000000 0x00000000
0x0000000024048fb8~0x0000000024048fc8 : 0x0000001a 0xaaa00000 0x00000000 0x00000000
0x0000000024048fc8~0x0000000024048fd8 : 0x0000001b 0xaaa00000 0x00000000 0x00000000

CoreId: 0 trigger exception
Get callstack info failed.
register info:
x0: 0x0000000060000000    x1: 0x0000000060000000
x2: 0x0000000024010c24    x3: 0x0000000000000001
x4: 0x00000000240184c0    x5: 0x0000000000000000
x6: 0x0000000000000020    x7: 0x0000000024048618
x8: 0x00000000ffffff80    x9: 0x0000000000000000
x10: 0x0000000010101010   x11: 0x0000000011111111
x12: 0x0000000012121212   x13: 0x0000000013131313
x14: 0x000000002c000000   x15: 0x000000002c000000
x16: 0x000000002400f268   x17: 0x000000ff440c0400
x18: 0x0000000000c51835   x19: 0x0000000024065150
x20: 0x0000000024048dd8   x21: 0x0000000000000004
x22: 0x0000000000000004   x23: 0x0000000024055020
x24: 0x0000000024242424   x25: 0x0000000025252525
x26: 0x0000000026262626   x27: 0x0000000027272727
x28: 0x0000000028282828   x29: 0x0000000029292929
x30: 0x000000002401bfb8
elr: 0x000000002401bfbc   spsr: 0x00000000600003c5
far: 0x0000000060000ac4   esr: 0x0000000096000000
xzr: 0x0000000000000000   sp:0x0000000024048758

exception Occurrence Interrupt
stack info:
0x0000000024048758~0x0000000024048768 : 0x00000012 0xaaa00000 0x00000000 0x00000000
0x0000000024048768~0x0000000024048778 : 0x00000013 0xaaa00000 0x00000000 0x00000000
0x0000000024048778~0x0000000024048788 : 0x00000014 0xaaa00000 0x00000000 0x00000000
0x0000000024048788~0x0000000024048798 : 0x00000015 0xaaa00000 0x00000000 0x00000000
0x0000000024048798~0x00000000240487a8 : 0x00000016 0xaaa00000 0x00000000 0x00000000
0x00000000240487a8~0x00000000240487b8 : 0x00000017 0xaaa00000 0x00000000 0x00000000
0x00000000240487b8~0x00000000240487c8 : 0x00000018 0xaaa00000 0x00000000 0x00000000
0x00000000240487c8~0x00000000240487d8 : 0x00000019 0xaaa00000 0x00000000 0x00000000
0x00000000240487d8~0x00000000240487e8 : 0x0000001a 0xaaa00000 0x00000000 0x00000000
0x00000000240487e8~0x00000000240487f8 : 0x0000001b 0xaaa00000 0x00000000 0x00000000

CoreId: 0 trigger exception
Get callstack info failed.
register info:
x0: 0x0000000060000000    x1: 0x0000000060000000
x2: 0x0000000024010c24    x3: 0x0000000000000001
x4: 0x00000000240184c0    x5: 0x0000000000000000
x6: 0x0000000000000020    x7: 0x0000000024047e38
x8: 0x00000000ffffff80    x9: 0x0000000000000000
x10: 0x0000000010101010   x11: 0x0000000011111111
x12: 0x0000000012121212   x13: 0x0000000013131313
x14: 0x000000002c000000   x15: 0x000000002c000000
x16: 0x000000002400f268   x17: 0x000000ff440c0400
x18: 0x0000000000c51835   x19: 0x0000000024065150
x20: 0x00000000240485f8   x21: 0x0000000000000004
x22: 0x0000000000000004   x23: 0x0000000024055020
x24: 0x0000000024242424   x25: 0x0000000025252525
x26: 0x0000000026262626   x27: 0x0000000027272727
x28: 0x0000000028282828   x29: 0x0000000029292929
x30: 0x000000002401bfb8
elr: 0x000000002401bfbc   spsr: 0x00000000600003c5
far: 0x0000000060000ac4   esr: 0x0000000096000000
xzr: 0x0000000000000000   sp:0x0000000024047f78

exception Occurrence Interrupt
stack info:
0x0000000024047f78~0x0000000024047f88 : 0x00000012 0xaaa00000 0x00000000 0x00000000
0x0000000024047f88~0x0000000024047f98 : 0x00000013 0xaaa00000 0x00000000 0x00000000
0x0000000024047f98~0x0000000024047fa8 : 0x00000014 0xaaa00000 0x00000000 0x00000000
0x0000000024047fa8~0x0000000024047fb8 : 0x00000015 0xaaa00000 0x00000000 0x00000000
0x0000000024047fb8~0x0000000024047fc8 : 0x00000016 0xaaa00000 0x00000000 0x00000000
0x0000000024047fc8~0x0000000024047fd8 : 0x00000017 0xaaa00000 0x00000000 0x00000000
0x0000000024047fd8~0x0000000024047fe8 : 0x00000018 0xaaa00000 0x00000000 0x00000000
0x0000000024047fe8~0x0000000024047ff8 : 0x00000019 0xaaa00000 0x00000000 0x00000000
0x0000000024047ff8~0x0000000024048008 : 0x0000001a 0xaaa00000 0x00000000 0x00000000
0x0000000024048008~0x0000000024048018 : 0x0000001b 0xaaa00000 0x00000000 0x00000000

CoreId: 0 trigger exception
Get callstack info failed.
register info:
x0: 0x0000000060000000    x1: 0x0000000060000000
x2: 0x0000000024010c24    x3: 0x0000000000000001
x4: 0x00000000240184c0    x5: 0x0000000000000000
x6: 0x0000000000000020    x7: 0x0000000024047658
x8: 0x00000000ffffff80    x9: 0x0000000000000000
x10: 0x0000000010101010   x11: 0x0000000011111111
x12: 0x0000000012121212   x13: 0x0000000013131313
x14: 0x000000002c000000   x15: 0x000000002c000000
x16: 0x000000002400f268   x17: 0x000000ff440c0400
x18: 0x0000000000c51835   x19: 0x0000000024065150
x20: 0x0000000024047e18   x21: 0x0000000000000004
x22: 0x0000000000000004   x23: 0x0000000024055020
x24: 0x0000000024242424   x25: 0x0000000025252525
x26: 0x0000000026262626   x27: 0x0000000027272727
x28: 0x0000000028282828   x29: 0x0000000029292929
x30: 0x000000002401bfb8
elr: 0x000000002401bfbc   spsr: 0x00000000600003c5
far: 0x0000000060000ac4   esr: 0x0000000096000000
xzr: 0x0000000000000000   sp:0x0000000024047798

exception Occurrence Interrupt
stack info:
0x0000000024047798~0x00000000240477a8 : 0x00000012 0xaaa00000 0x00000000 0x00000000
0x00000000240477a8~0x00000000240477b8 : 0x00000013 0xaaa00000 0x00000000 0x00000000
0x00000000240477b8~0x00000000240477c8 : 0x00000014 0xaaa00000 0x00000000 0x00000000
0x00000000240477c8~0x00000000240477d8 : 0x00000015 0xaaa00000 0x00000000 0x00000000
0x00000000240477d8~0x00000000240477e8 : 0x00000016 0xaaa00000 0x00000000 0x00000000
0x00000000240477e8~0x00000000240477f8 : 0x00000017 0xaaa00000 0x00000000 0x00000000
0x00000000240477f8~0x0000000024047808 : 0x00000018 0xaaa00000 0x00000000 0x00000000
0x0000000024047808~0x0000000024047818 : 0x00000019 0xaaa00000 0x00000000 0x00000000
0x0000000024047818~0x0000000024047828 : 0x0000001a 0xaaa00000 0x00000000 0x00000000
0x0000000024047828~0x0000000024047838 : 0x0000001b 0xaaa00000 0x00000000 0x00000000

CoreId: 0 trigger exception
Get callstack info failed.
register info:
x0: 0x0000000060000000    x1: 0x0000000060000000
x2: 0x0000000024010c24    x3: 0x0000000000000001
x4: 0x00000000240184c0    x5: 0x0000000000000000
x6: 0x0000000000000020    x7: 0x0000000024046e78
x8: 0x00000000ffffff80    x9: 0x0000000000000000
x10: 0x0000000010101010   x11: 0x0000000011111111
x12: 0x0000000012121212   x13: 0x0000000013131313
x14: 0x000000002c000000   x15: 0x000000002c000000
x16: 0x000000002400f268   x17: 0x000000ff440c0400
x18: 0x0000000000c51835   x19: 0x0000000024065150
x20: 0x0000000024047638   x21: 0x0000000000000004
x22: 0x0000000000000004   x23: 0x0000000024055020
x24: 0x0000000024242424   x25: 0x0000000025252525
x26: 0x0000000026262626   x27: 0x0000000027272727
x28: 0x0000000028282828   x29: 0x0000000029292929
x30: 0x000000002401bfb8
elr: 0x000000002401bfbc   spsr: 0x00000000600003c5
far: 0x0000000060000ac4   esr: 0x0000000096000000
xzr: 0x0000000000000000   sp:0x0000000024046fb8

exception Occurrence Interrupt
stack info:
0x0000000024046fb8~0x0000000024046fc8 : 0x00000012 0xaaa00000 0x00000000 0x00000000
0x0000000024046fc8~0x0000000024046fd8 : 0x00000013 0xaaa00000 0x00000000 0x00000000
0x0000000024046fd8~0x0000000024046fe8 : 0x00000014 0xaaa00000 0x00000000 0x00000000
0x0000000024046fe8~0x0000000024046ff8 : 0x00000015 0xaaa00000 0x00000000 0x00000000
0x0000000024046ff8~0x0000000024047008 : 0x00000016 0xaaa00000 0x00000000 0x00000000
0x0000000024047008~0x0000000024047018 : 0x00000017 0xaaa00000 0x00000000 0x00000000
0x0000000024047018~0x0000000024047028 : 0x00000018 0xaaa00000 0x00000000 0x00000000
0x0000000024047028~0x0000000024047038 : 0x00000019 0xaaa00000 0x00000000 0x00000000
0x0000000024047038~0x0000000024047048 : 0x0000001a 0xaaa00000 0x00000000 0x00000000
0x0000000024047048~0x0000000024047058 : 0x0000001b 0xaaa00000 0x00000000 0x00000000

CoreId: 0 trigger exception
Get callstack info failed.
register info:
x0: 0x0000000060000000    x1: 0x0000000060000000
x2: 0x0000000024010c24    x3: 0x0000000000000001
x4: 0x00000000240184c0    x5: 0x0000000000000000
x6: 0x0000000000000020    x7: 0x0000000024046698
x8: 0x00000000ffffff80    x9: 0x0000000000000000
x10: 0x0000000010101010   x11: 0x0000000011111111
x12: 0x0000000012121212   x13: 0x0000000013131313
x14: 0x000000002c000000   x15: 0x000000002c000000
x16: 0x000000002400f268   x17: 0x000000ff440c0400
x18: 0x0000000000c51835   x19: 0x0000000024065150
x20: 0x0000000024046e58   x21: 0x0000000000000004
x22: 0x0000000000000004   x23: 0x0000000024055020
x24: 0x0000000024242424   x25: 0x0000000025252525
x26: 0x0000000026262626   x27: 0x0000000027272727
x28: 0x0000000028282828   x29: 0x0000000029292929
x30: 0x000000002401bfb8
elr: 0x000000002401bfbc   spsr: 0x00000000600003c5
far: 0x0000000060000ac4   esr: 0x0000000096000000
xzr: 0x0000000000000000   sp:0x00000000240467d8

exception Occurrence Interrupt
stack info:
0x00000000240467d8~0x00000000240467e8 : 0x00000012 0xaaa00000 0x00000000 0x00000000
0x00000000240467e8~0x00000000240467f8 : 0x00000013 0xaaa00000 0x00000000 0x00000000
0x00000000240467f8~0x0000000024046808 : 0x00000014 0xaaa00000 0x00000000 0x00000000
0x0000000024046808~0x0000000024046818 : 0x00000015 0xaaa00000 0x00000000 0x00000000
0x0000000024046818~0x0000000024046828 : 0x00000016 0xaaa00000 0x00000000 0x00000000
0x0000000024046828~0x0000000024046838 : 0x00000017 0xaaa00000 0x00000000 0x00000000
0x0000000024046838~0x0000000024046848 : 0x00000018 0xaaa00000 0x00000000 0x00000000
0x0000000024046848~0x0000000024046858 : 0x00000019 0xaaa00000 0x00000000 0x00000000
0x0000000024046858~0x0000000024046868 : 0x0000001a 0xaaa00000 0x00000000 0x00000000
0x0000000024046868~0x0000000024046878 : 0x0000001b 0xaaa00000 0x00000000 0x00000000

CoreId: 0 trigger exception
Get callstack info failed.
register info:
x0: 0x0000000060000000    x1: 0x0000000060000000
x2: 0x0000000024010c24    x3: 0x0000000000000001
x4: 0x00000000240184c0    x5: 0x0000000000000000
x6: 0x0000000000000020    x7: 0x0000000024045eb8
x8: 0x00000000ffffff80    x9: 0x0000000000000000
x10: 0x0000000010101010   x11: 0x0000000011111111
x12: 0x0000000012121212   x13: 0x0000000013131313
x14: 0x000000002c000000   x15: 0x000000002c000000
x16: 0x000000002400f268   x17: 0x000000ff440c0400
x18: 0x0000000000c51835   x19: 0x0000000024065150
x20: 0x0000000024046678   x21: 0x0000000000000004
x22: 0x0000000000000004   x23: 0x0000000024055020
x24: 0x0000000024242424   x25: 0x0000000025252525
x26: 0x0000000026262626   x27: 0x0000000027272727
x28: 0x0000000028282828   x29: 0x0000000029292929
x30: 0x000000002401bfb8
elr: 0x000000002401bfbc   spsr: 0x00000000600003c5
far: 0x0000000060000ac4   esr: 0x0000000096000000
xzr: 0x0000000000000000   sp:0x0000000024045ff8

exception Occurrence Interrupt
stack info:
0x0000000024045ff8~0x0000000024046008 : 0x00000012 0xaaa00000 0x00000000 0x00000000
0x0000000024046008~0x0000000024046018 : 0x00000013 0xaaa00000 0x00000000 0x00000000
0x0000000024046018~0x0000000024046028 : 0x00000014 0xaaa00000 0x00000000 0x00000000
0x0000000024046028~0x0000000024046038 : 0x00000015 0xaaa00000 0x00000000 0x00000000
0x0000000024046038~0x0000000024046048 : 0x00000016 0xaaa00000 0x00000000 0x00000000
0x0000000024046048~0x0000000024046058 : 0x00000017 0xaaa00000 0x00000000 0x00000000
0x0000000024046058~0x0000000024046068 : 0x00000018 0xaaa00000 0x00000000 0x00000000
0x0000000024046068~0x0000000024046078 : 0x00000019 0xaaa00000 0x00000000 0x00000000
0x0000000024046078~0x0000000024046088 : 0x0000001a 0xaaa00000 0x00000000 0x00000000
0x0000000024046088~0x0000000024046098 : 0x0000001b 0xaaa00000 0x00000000 0x00000000

CoreId: 0 trigger exception
Get callstack info failed.
register info:
x0: 0x0000000060000000    x1: 0x0000000060000000
x2: 0x0000000024010c24    x3: 0x0000000000000001
x4: 0x00000000240184c0    x5: 0x0000000000000000
x6: 0x0000000000000020    x7: 0x00000000240456d8
x8: 0x00000000ffffff80    x9: 0x0000000000000000
x10: 0x0000000010101010   x11: 0x0000000011111111
x12: 0x0000000012121212   x13: 0x0000000013131313
x14: 0x000000002c000000   x15: 0x000000002c000000
x16: 0x000000002400f268   x17: 0x000000ff440c0400
x18: 0x0000000000c51835   x19: 0x0000000024065150
x20: 0x0000000024045e98   x21: 0x0000000000000004
x22: 0x0000000000000004   x23: 0x0000000024055020
x24: 0x0000000024242424   x25: 0x0000000025252525
x26: 0x0000000026262626   x27: 0x0000000027272727
x28: 0x0000000028282828   x29: 0x0000000029292929
x30: 0x000000002401bfb8
elr: 0x000000002401bfbc   spsr: 0x00000000600003c5
far: 0x0000000060000ac4   esr: 0x0000000096000000
xzr: 0x0000000000000000   sp:0x0000000024045818

exception Occurrence Interrupt
stack info:
0x0000000024045818~0x0000000024045828 : 0x00000012 0xaaa00000 0x00000000 0x00000000
0x0000000024045828~0x0000000024045838 : 0x00000013 0xaaa00000 0x00000000 0x00000000
0x0000000024045838~0x0000000024045848 : 0x00000014 0xaaa00000 0x00000000 0x00000000
0x0000000024045848~0x0000000024045858 : 0x00000015 0xaaa00000 0x00000000 0x00000000
0x0000000024045858~0x0000000024045868 : 0x00000016 0xaaa00000 0x00000000 0x00000000
0x0000000024045868~0x0000000024045878 : 0x00000017 0xaaa00000 0x00000000 0x00000000
0x0000000024045878~0x0000000024045888 : 0x00000018 0xaaa00000 0x00000000 0x00000000
0x0000000024045888~0x0000000024045898 : 0x00000019 0xaaa00000 0x00000000 0x00000000
0x0000000024045898~0x00000000240458a8 : 0x0000001a 0xaaa00000 0x00000000 0x00000000
0x00000000240458a8~0x00000000240458b8 : 0x0000001b 0xaaa00000 0x00000000 0x00000000

CoreId: 0 trigger exception
Get callstack info failed.
register info:
x0: 0x0000000060000000    x1: 0x0000000060000000
x2: 0x0000000024010c24    x3: 0x0000000000000001
x4: 0x00000000240184c0    x5: 0x0000000000000000
x6: 0x0000000000000020    x7: 0x0000000024044ef8
x8: 0x00000000ffffff80    x9: 0x0000000000000000
x10: 0x0000000010101010   x11: 0x0000000011111111
x12: 0x0000000012121212   x13: 0x0000000013131313
x14: 0x000000002c000000   x15: 0x000000002c000000
x16: 0x000000002400f268   x17: 0x000000ff440c0400
x18: 0x0000000000c51835   x19: 0x0000000024065150
x20: 0x00000000240456b8   x21: 0x0000000000000004
x22: 0x0000000000000004   x23: 0x0000000024055020
x24: 0x0000000024242424   x25: 0x0000000025252525
x26: 0x0000000026262626   x27: 0x0000000027272727
x28: 0x0000000028282828   x29: 0x0000000029292929
x30: 0x000000002401bfb8
elr: 0x000000002401bfbc   spsr: 0x00000000600003c5
far: 0x0000000060000ac4   esr: 0x0000000096000000
xzr: 0x0000000000000000   sp:0x0000000024045038

exception Occurrence Interrupt
stack info:
0x0000000024045038~0x0000000024045048 : 0x00000012 0xaaa00000 0x00000000 0x00000000
0x0000000024045048~0x0000000024045058 : 0x00000013 0xaaa00000 0x00000000 0x00000000
0x0000000024045058~0x0000000024045068 : 0x00000014 0xaaa00000 0x00000000 0x00000000
0x0000000024045068~0x0000000024045078 : 0x00000015 0xaaa00000 0x00000000 0x00000000
0x0000000024045078~0x0000000024045088 : 0x00000016 0xaaa00000 0x00000000 0x00000000
0x0000000024045088~0x0000000024045098 : 0x00000017 0xaaa00000 0x00000000 0x00000000
0x0000000024045098~0x00000000240450a8 : 0x00000018 0xaaa00000 0x00000000 0x00000000
0x00000000240450a8~0x00000000240450b8 : 0x00000019 0xaaa00000 0x00000000 0x00000000
0x00000000240450b8~0x00000000240450c8 : 0x0000001a 0xaaa00000 0x00000000 0x00000000
0x00000000240450c8~0x00000000240450d8 : 0x0000001b 0xaaa00000 0x00000000 0x00000000

CoreId: 0 trigger exception
Get callstack info failed.
register info:
x0: 0x0000000060000000    x1: 0x0000000060000000
x2: 0x0000000024010c24    x3: 0x0000000000000001
x4: 0x00000000240184c0    x5: 0x0000000000000000
x6: 0x0000000000000020    x7: 0x0000000024044718
x8: 0x00000000ffffff80    x9: 0x0000000000000000
x10: 0x0000000010101010   x11: 0x0000000011111111
x12: 0x0000000012121212   x13: 0x0000000013131313
x14: 0x000000002c000000   x15: 0x000000002c000000
x16: 0x000000002400f268   x17: 0x000000ff440c0400
x18: 0x0000000000c51835   x19: 0x0000000024065150
x20: 0x0000000024044ed8   x21: 0x0000000000000004
x22: 0x0000000000000004   x23: 0x0000000024055020
x24: 0x0000000024242424   x25: 0x0000000025252525
x26: 0x0000000026262626   x27: 0x0000000027272727
x28: 0x0000000028282828   x29: 0x0000000029292929
x30: 0x000000002401bfb8
elr: 0x000000002401bfbc   spsr: 0x00000000600003c5
far: 0x0000000060000ac4   esr: 0x0000000096000000
xzr: 0x0000000000000000   sp:0x0000000024044858

exceptional thread : TestTask
stack info:
0x0000000024044858~0x0000000024044868 : 0x00000012 0xaaa00000 0x00000000 0x00000000
0x0000000024044868~0x0000000024044878 : 0x00000013 0xaaa00000 0x00000000 0x00000000
0x0000000024044878~0x0000000024044888 : 0x00000014 0xaaa00000 0x00000000 0x00000000
0x0000000024044888~0x0000000024044898 : 0x00000015 0xaaa00000 0x00000000 0x00000000
0x0000000024044898~0x00000000240448a8 : 0x00000016 0xaaa00000 0x00000000 0x00000000
0x00000000240448a8~0x00000000240448b8 : 0x00000017 0xaaa00000 0x00000000 0x00000000
0x00000000240448b8~0x00000000240448c8 : 0x00000018 0xaaa00000 0x00000000 0x00000000
0x00000000240448c8~0x00000000240448d8 : 0x00000019 0xaaa00000 0x00000000 0x00000000
0x00000000240448d8~0x00000000240448e8 : 0x0000001a 0xaaa00000 0x00000000 0x00000000
0x00000000240448e8~0x00000000240448f8 : 0x0000001b 0xaaa00000 0x00000000 0x00000000

CoreId: 0 trigger exception
Get callstack info failed.
register info:
x0: 0x0000000060000000    x1: 0x0000000060000000
x2: 0x0000000024010c24    x3: 0x0000000000000001
x4: 0x00000000240184c0    x5: 0x0000000000000000
x6: 0x0000000000000020    x7: 0x0000000024054378
x8: 0x00000000ffffff80    x9: 0x0000000000000000
x10: 0x0000000010101010   x11: 0x0000000011111111
x12: 0x0000000012121212   x13: 0x0000000013131313
x14: 0x000000002c000000   x15: 0x000000002c000000
x16: 0x000000002400f268   x17: 0x000000ff440c0400
x18: 0x0000000000c51835   x19: 0x0000000024065150
x20: 0x0000000024054b38   x21: 0x0000000000000004
x22: 0x0000000000000004   x23: 0x0000000024055020
x24: 0x0000000024242424   x25: 0x0000000025252525
x26: 0x0000000026262626   x27: 0x0000000027272727
x28: 0x0000000028282828   x29: 0x0000000029292929
x30: 0x000000002401bfb8
elr: 0x000000002401bfbc   spsr: 0x00000000600003c5
far: 0x0000000060000ac4   esr: 0x0000000096000000
xzr: 0x0000000000000000   sp:0x00000000240544b8

exception Occurrence Interrupt
stack info:
0x00000000240544b8~0x00000000240544c8 : 0x00000012 0xaaa00000 0x00000000 0x00000000
0x00000000240544c8~0x00000000240544d8 : 0x00000013 0xaaa00000 0x00000000 0x00000000
0x00000000240544d8~0x00000000240544e8 : 0x00000014 0xaaa00000 0x00000000 0x00000000
0x00000000240544e8~0x00000000240544f8 : 0x00000015 0xaaa00000 0x00000000 0x00000000
0x00000000240544f8~0x0000000024054508 : 0x00000016 0xaaa00000 0x00000000 0x00000000
0x0000000024054508~0x0000000024054518 : 0x00000017 0xaaa00000 0x00000000 0x00000000
0x0000000024054518~0x0000000024054528 : 0x00000018 0xaaa00000 0x00000000 0x00000000
0x0000000024054528~0x0000000024054538 : 0x00000019 0xaaa00000 0x00000000 0x00000000
0x0000000024054538~0x0000000024054548 : 0x0000001a 0xaaa00000 0x00000000 0x00000000
0x0000000024054548~0x0000000024054558 : 0x0000001b 0xaaa00000 0x00000000 0x00000000

CoreId: 0 trigger exception
Get callstack info failed.
register info:
x0: 0x0000000060000000    x1: 0x0000000060000000
x2: 0x0000000024010c24    x3: 0x0000000000000001
x4: 0x00000000240184c0    x5: 0x0000000000000000
x6: 0x0000000000000020    x7: 0x0000000024053b98
x8: 0x00000000ffffff80    x9: 0x0000000000000000
x10: 0x0000000010101010   x11: 0x0000000011111111
x12: 0x0000000012121212   x13: 0x0000000013131313
x14: 0x000000002c000000   x15: 0x000000002c000000
x16: 0x000000002400f268   x17: 0x000000ff440c0400
x18: 0x0000000000c51835   x19: 0x0000000024065150
x20: 0x0000000024054358   x21: 0x0000000000000004
x22: 0x0000000000000004   x23: 0x0000000024055020
x24: 0x0000000024242424   x25: 0x0000000025252525
x26: 0x0000000026262626   x27: 0x0000000027272727
x28: 0x0000000028282828   x29: 0x0000000029292929
x30: 0x000000002401bfb8
elr: 0x000000002401bfbc   spsr: 0x00000000600003c5
far: 0x0000000060000ac4   esr: 0x0000000096000000
xzr: 0x0000000000000000   sp:0x0000000024053cd8

exception Occurrence Interrupt
stack info:
0x0000000024053cd8~0x0000000024053ce8 : 0x00000012 0xaaa00000 0x00000000 0x00000000
0x0000000024053ce8~0x0000000024053cf8 : 0x00000013 0xaaa00000 0x00000000 0x00000000
0x0000000024053cf8~0x0000000024053d08 : 0x00000014 0xaaa00000 0x00000000 0x00000000
0x0000000024053d08~0x0000000024053d18 : 0x00000015 0xaaa00000 0x00000000 0x00000000
0x0000000024053d18~0x0000000024053d28 : 0x00000016 0xaaa00000 0x00000000 0x00000000
0x0000000024053d28~0x0000000024053d38 : 0x00000017 0xaaa00000 0x00000000 0x00000000
0x0000000024053d38~0x0000000024053d48 : 0x00000018 0xaaa00000 0x00000000 0x00000000
0x0000000024053d48~0x0000000024053d58 : 0x00000019 0xaaa00000 0x00000000 0x00000000
0x0000000024053d58~0x0000000024053d68 : 0x0000001a 0xaaa00000 0x00000000 0x00000000
0x0000000024053d68~0x0000000024053d78 : 0x0000001b 0xaaa00000 0x00000000 0x00000000

CoreId: 0 trigger exception
Get callstack info failed.
register info:
x0: 0x0000000060000000    x1: 0x0000000060000000
x2: 0x0000000024010c24    x3: 0x0000000000000001
x4: 0x00000000240184c0    x5: 0x0000000000000000
x6: 0x0000000000000020    x7: 0x00000000240533b8
x8: 0x00000000ffffff80    x9: 0x0000000000000000
x10: 0x0000000010101010   x11: 0x0000000011111111
x12: 0x0000000012121212   x13: 0x0000000013131313
x14: 0x000000002c000000   x15: 0x000000002c000000
x16: 0x000000002400f268   x17: 0x000000ff440c0400
x18: 0x0000000000c51835   x19: 0x0000000024065150
x20: 0x0000000024053b78   x21: 0x0000000000000004
x22: 0x0000000000000004   x23: 0x0000000024055020
x24: 0x0000000024242424   x25: 0x0000000025252525
x26: 0x0000000026262626   x27: 0x0000000027272727
x28: 0x0000000028282828   x29: 0x0000000029292929
x30: 0x000000002401bfb8
elr: 0x000000002401bfbc   spsr: 0x00000000600003c5
far: 0x0000000060000ac4   esr: 0x0000000096000000
xzr: 0x0000000000000000   sp:0x00000000240534f8

exception Occurrence Interrupt
stack info:
0x00000000240534f8~0x0000000024053508 : 0x00000012 0xaaa00000 0x00000000 0x00000000
0x0000000024053508~0x0000000024053518 : 0x00000013 0xaaa00000 0x00000000 0x00000000
0x0000000024053518~0x0000000024053528 : 0x00000014 0xaaa00000 0x00000000 0x00000000
0x0000000024053528~0x0000000024053538 : 0x00000015 0xaaa00000 0x00000000 0x00000000
0x0000000024053538~0x0000000024053548 : 0x00000016 0xaaa00000 0x00000000 0x00000000
0x0000000024053548~0x0000000024053558 : 0x00000017 0xaaa00000 0x00000000 0x00000000
0x0000000024053558~0x0000000024053568 : 0x00000018 0xaaa00000 0x00000000 0x00000000
0x0000000024053568~0x0000000024053578 : 0x00000019 0xaaa00000 0x00000000 0x00000000
0x0000000024053578~0x0000000024053588 : 0x0000001a 0xaaa00000 0x00000000 0x00000000
0x0000000024053588~0x0000000024053598 : 0x0000001b 0xaaa00000 0x00000000 0x00000000

CoreId: 0 trigger exception
Get callstack info failed.
register info:
x0: 0x0000000060000000    x1: 0x0000000060000000
x2: 0x0000000024010c24    x3: 0x0000000000000001
x4: 0x00000000240184c0    x5: 0x0000000000000000
x6: 0x0000000000000020    x7: 0x0000000024052bd8
x8: 0x00000000ffffff80    x9: 0x0000000000000000
x10: 0x0000000010101010   x11: 0x0000000011111111
x12: 0x0000000012121212   x13: 0x0000000013131313
x14: 0x000000002c000000   x15: 0x000000002c000000
x16: 0x000000002400f268   x17: 0x000000ff440c0400
x18: 0x0000000000c51835   x19: 0x0000000024065150
x20: 0x0000000024053398   x21: 0x0000000000000004
x22: 0x0000000000000004   x23: 0x0000000024055020
x24: 0x0000000024242424   x25: 0x0000000025252525
x26: 0x0000000026262626   x27: 0x0000000027272727
x28: 0x0000000028282828   x29: 0x0000000029292929
x30: 0x000000002401bfb8
elr: 0x000000002401bfbc   spsr: 0x00000000600003c5
far: 0x0000000060000ac4   esr: 0x0000000096000000
xzr: 0x0000000000000000   sp:0x0000000024052d18

exception Occurrence Interrupt
stack info:
0x0000000024052d18~0x0000000024052d28 : 0x00000012 0xaaa00000 0x00000000 0x00000000
0x0000000024052d28~0x0000000024052d38 : 0x00000013 0xaaa00000 0x00000000 0x00000000
0x0000000024052d38~0x0000000024052d48 : 0x00000014 0xaaa00000 0x00000000 0x00000000
0x0000000024052d48~0x0000000024052d58 : 0x00000015 0xaaa00000 0x00000000 0x00000000
0x0000000024052d58~0x0000000024052d68 : 0x00000016 0xaaa00000 0x00000000 0x00000000
0x0000000024052d68~0x0000000024052d78 : 0x00000017 0xaaa00000 0x00000000 0x00000000
0x0000000024052d78~0x0000000024052d88 : 0x00000018 0xaaa00000 0x00000000 0x00000000
0x0000000024052d88~0x0000000024052d98 : 0x00000019 0xaaa00000 0x00000000 0x00000000
0x0000000024052d98~0x0000000024052da8 : 0x0000001a 0xaaa00000 0x00000000 0x00000000
0x0000000024052da8~0x0000000024052db8 : 0x0000001b 0xaaa00000 0x00000000 0x00000000

CoreId: 0 trigger exception
Get callstack info failed.
register info:
x0: 0x0000000060000000    x1: 0x0000000060000000
x2: 0x0000000024010c24    x3: 0x0000000000000001
x4: 0x00000000240184c0    x5: 0x0000000000000000
x6: 0x0000000000000020    x7: 0x00000000240523f8
x8: 0x00000000ffffff80    x9: 0x0000000000000000
x10: 0x0000000010101010   x11: 0x0000000011111111
x12: 0x0000000012121212   x13: 0x0000000013131313
x14: 0x000000002c000000   x15: 0x000000002c000000
x16: 0x000000002400f268   x17: 0x000000ff440c0400
x18: 0x0000000000c51835   x19: 0x0000000024065150
x20: 0x0000000024052bb8   x21: 0x0000000000000004
x22: 0x0000000000000004   x23: 0x0000000024055020
x24: 0x0000000024242424   x25: 0x0000000025252525
x26: 0x0000000026262626   x27: 0x0000000027272727
x28: 0x0000000028282828   x29: 0x0000000029292929
x30: 0x000000002401bfb8
elr: 0x000000002401bfbc   spsr: 0x00000000600003c5
far: 0x0000000060000ac4   esr: 0x0000000096000000
xzr: 0x0000000000000000   sp:0x0000000024052538

exception Occurrence Interrupt
stack info:
0x0000000024052538~0x0000000024052548 : 0x00000012 0xaaa00000 0x00000000 0x00000000
0x0000000024052548~0x0000000024052558 : 0x00000013 0xaaa00000 0x00000000 0x00000000
0x0000000024052558~0x0000000024052568 : 0x00000014 0xaaa00000 0x00000000 0x00000000
0x0000000024052568~0x0000000024052578 : 0x00000015 0xaaa00000 0x00000000 0x00000000
0x0000000024052578~0x0000000024052588 : 0x00000016 0xaaa00000 0x00000000 0x00000000
0x0000000024052588~0x0000000024052598 : 0x00000017 0xaaa00000 0x00000000 0x00000000
0x0000000024052598~0x00000000240525a8 : 0x00000018 0xaaa00000 0x00000000 0x00000000
0x00000000240525a8~0x00000000240525b8 : 0x00000019 0xaaa00000 0x00000000 0x00000000
0x00000000240525b8~0x00000000240525c8 : 0x0000001a 0xaaa00000 0x00000000 0x00000000
0x00000000240525c8~0x00000000240525d8 : 0x0000001b 0xaaa00000 0x00000000 0x00000000

CoreId: 0 trigger exception
Get callstack info failed.
register info:
x0: 0x0000000060000000    x1: 0x0000000060000000
x2: 0x0000000024010c24    x3: 0x0000000000000001
x4: 0x00000000240184c0    x5: 0x0000000000000000
x6: 0x0000000000000020    x7: 0x0000000024051c18
x8: 0x00000000ffffff80    x9: 0x0000000000000000
x10: 0x0000000010101010   x11: 0x0000000011111111
x12: 0x0000000012121212   x13: 0x0000000013131313
x14: 0x000000002c000000   x15: 0x000000002c000000
x16: 0x000000002400f268   x17: 0x000000ff440c0400
x18: 0x0000000000c51835   x19: 0x0000000024065150
x20: 0x00000000240523d8   x21: 0x0000000000000004
x22: 0x0000000000000004   x23: 0x0000000024055020
x24: 0x0000000024242424   x25: 0x0000000025252525
x26: 0x0000000026262626   x27: 0x0000000027272727
x28: 0x0000000028282828   x29: 0x0000000029292929
x30: 0x000000002401bfb8
elr: 0x000000002401bfbc   spsr: 0x00000000600003c5
far: 0x0000000060000ac4   esr: 0x0000000096000000
xzr: 0x0000000000000000   sp:0x0000000024051d58

exception Occurrence Interrupt
stack info:
0x0000000024051d58~0x0000000024051d68 : 0x00000012 0xaaa00000 0x00000000 0x00000000
0x0000000024051d68~0x0000000024051d78 : 0x00000013 0xaaa00000 0x00000000 0x00000000
0x0000000024051d78~0x0000000024051d88 : 0x00000014 0xaaa00000 0x00000000 0x00000000
0x0000000024051d88~0x0000000024051d98 : 0x00000015 0xaaa00000 0x00000000 0x00000000
0x0000000024051d98~0x0000000024051da8 : 0x00000016 0xaaa00000 0x00000000 0x00000000
0x0000000024051da8~0x0000000024051db8 : 0x00000017 0xaaa00000 0x00000000 0x00000000
0x0000000024051db8~0x0000000024051dc8 : 0x00000018 0xaaa00000 0x00000000 0x00000000
0x0000000024051dc8~0x0000000024051dd8 : 0x00000019 0xaaa00000 0x00000000 0x00000000
0x0000000024051dd8~0x0000000024051de8 : 0x0000001a 0xaaa00000 0x00000000 0x00000000
0x0000000024051de8~0x0000000024051df8 : 0x0000001b 0xaaa00000 0x00000000 0x00000000

CoreId: 0 trigger exception
Get callstack info failed.
register info:
x0: 0x0000000060000000    x1: 0x0000000060000000
x2: 0x0000000024010c24    x3: 0x0000000000000001
x4: 0x00000000240184c0    x5: 0x0000000000000000
x6: 0x0000000000000020    x7: 0x0000000024051438
x8: 0x00000000ffffff80    x9: 0x0000000000000000
x10: 0x0000000010101010   x11: 0x0000000011111111
x12: 0x0000000012121212   x13: 0x0000000013131313
x14: 0x000000002c000000   x15: 0x000000002c000000
x16: 0x000000002400f268   x17: 0x000000ff440c0400
x18: 0x0000000000c51835   x19: 0x0000000024065150
x20: 0x0000000024051bf8   x21: 0x0000000000000004
x22: 0x0000000000000004   x23: 0x0000000024055020
x24: 0x0000000024242424   x25: 0x0000000025252525
x26: 0x0000000026262626   x27: 0x0000000027272727
x28: 0x0000000028282828   x29: 0x0000000029292929
x30: 0x000000002401bfb8
elr: 0x000000002401bfbc   spsr: 0x00000000600003c5
far: 0x0000000060000ac4   esr: 0x0000000096000000
xzr: 0x0000000000000000   sp:0x0000000024051578

exception Occurrence Interrupt
stack info:
0x0000000024051578~0x0000000024051588 : 0x00000012 0xaaa00000 0x00000000 0x00000000
0x0000000024051588~0x0000000024051598 : 0x00000013 0xaaa00000 0x00000000 0x00000000
0x0000000024051598~0x00000000240515a8 : 0x00000014 0xaaa00000 0x00000000 0x00000000
0x00000000240515a8~0x00000000240515b8 : 0x00000015 0xaaa00000 0x00000000 0x00000000
0x00000000240515b8~0x00000000240515c8 : 0x00000016 0xaaa00000 0x00000000 0x00000000
0x00000000240515c8~0x00000000240515d8 : 0x00000017 0xaaa00000 0x00000000 0x00000000
0x00000000240515d8~0x00000000240515e8 : 0x00000018 0xaaa00000 0x00000000 0x00000000
0x00000000240515e8~0x00000000240515f8 : 0x00000019 0xaaa00000 0x00000000 0x00000000
0x00000000240515f8~0x0000000024051608 : 0x0000001a 0xaaa00000 0x00000000 0x00000000
0x0000000024051608~0x0000000024051618 : 0x0000001b 0xaaa00000 0x00000000 0x00000000

CoreId: 0 trigger exception
Get callstack info failed.
register info:
x0: 0x0000000060000000    x1: 0x0000000060000000
x2: 0x0000000024010c24    x3: 0x0000000000000001
x4: 0x00000000240184c0    x5: 0x0000000000000000
x6: 0x0000000000000020    x7: 0x0000000024050c58
x8: 0x00000000ffffff80    x9: 0x0000000000000000
x10: 0x0000000010101010   x11: 0x0000000011111111
x12: 0x0000000012121212   x13: 0x0000000013131313
x14: 0x000000002c000000   x15: 0x000000002c000000
x16: 0x000000002400f268   x17: 0x000000ff440c0400
x18: 0x0000000000c51835   x19: 0x0000000024065150
x20: 0x0000000024051418   x21: 0x0000000000000004
x22: 0x0000000000000004   x23: 0x0000000024055020
x24: 0x0000000024242424   x25: 0x0000000025252525
x26: 0x0000000026262626   x27: 0x0000000027272727
x28: 0x0000000028282828   x29: 0x0000000029292929
x30: 0x000000002401bfb8
elr: 0x000000002401bfbc   spsr: 0x00000000600003c5
far: 0x0000000060000ac4   esr: 0x0000000096000000
xzr: 0x0000000000000000   sp:0x0000000024050d98

exception Occurrence Interrupt
stack info:
0x0000000024050d98~0x0000000024050da8 : 0x00000012 0xaaa00000 0x00000000 0x00000000
0x0000000024050da8~0x0000000024050db8 : 0x00000013 0xaaa00000 0x00000000 0x00000000
0x0000000024050db8~0x0000000024050dc8 : 0x00000014 0xaaa00000 0x00000000 0x00000000
0x0000000024050dc8~0x0000000024050dd8 : 0x00000015 0xaaa00000 0x00000000 0x00000000
0x0000000024050dd8~0x0000000024050de8 : 0x00000016 0xaaa00000 0x00000000 0x00000000
0x0000000024050de8~0x0000000024050df8 : 0x00000017 0xaaa00000 0x00000000 0x00000000
0x0000000024050df8~0x0000000024050e08 : 0x00000018 0xaaa00000 0x00000000 0x00000000
0x0000000024050e08~0x0000000024050e18 : 0x00000019 0xaaa00000 0x00000000 0x00000000
0x0000000024050e18~0x0000000024050e28 : 0x0000001a 0xaaa00000 0x00000000 0x00000000
0x0000000024050e28~0x0000000024050e38 : 0x0000001b 0xaaa00000 0x00000000 0x00000000

CoreId: 0 trigger exception
Get callstack info failed.
register info:
x0: 0x0000000060000000    x1: 0x0000000060000000
x2: 0x0000000024010c24    x3: 0x0000000000000001
x4: 0x00000000240184c0    x5: 0x0000000000000000
x6: 0x0000000000000020    x7: 0x0000000024050478
x8: 0x00000000ffffff80    x9: 0x0000000000000000
x10: 0x0000000010101010   x11: 0x0000000011111111
x12: 0x0000000012121212   x13: 0x0000000013131313
x14: 0x000000002c000000   x15: 0x000000002c000000
x16: 0x000000002400f268   x17: 0x000000ff440c0400
x18: 0x0000000000c51835   x19: 0x0000000024065150
x20: 0x0000000024050c38   x21: 0x0000000000000004
x22: 0x0000000000000004   x23: 0x0000000024055020
x24: 0x0000000024242424   x25: 0x0000000025252525
x26: 0x0000000026262626   x27: 0x0000000027272727
x28: 0x0000000028282828   x29: 0x0000000029292929
x30: 0x000000002401bfb8
elr: 0x000000002401bfbc   spsr: 0x00000000600003c5
far: 0x0000000060000ac4   esr: 0x0000000096000000
xzr: 0x0000000000000000   sp:0x00000000240505b8

exception Occurrence Interrupt
stack info:
0x00000000240505b8~0x00000000240505c8 : 0x00000012 0xaaa00000 0x00000000 0x00000000
0x00000000240505c8~0x00000000240505d8 : 0x00000013 0xaaa00000 0x00000000 0x00000000
0x00000000240505d8~0x00000000240505e8 : 0x00000014 0xaaa00000 0x00000000 0x00000000
0x00000000240505e8~0x00000000240505f8 : 0x00000015 0xaaa00000 0x00000000 0x00000000
0x00000000240505f8~0x0000000024050608 : 0x00000016 0xaaa00000 0x00000000 0x00000000
0x0000000024050608~0x0000000024050618 : 0x00000017 0xaaa00000 0x00000000 0x00000000
0x0000000024050618~0x0000000024050628 : 0x00000018 0xaaa00000 0x00000000 0x00000000
0x0000000024050628~0x0000000024050638 : 0x00000019 0xaaa00000 0x00000000 0x00000000
0x0000000024050638~0x0000000024050648 : 0x0000001a 0xaaa00000 0x00000000 0x00000000
0x0000000024050648~0x0000000024050658 : 0x0000001b 0xaaa00000 0x00000000 0x00000000

CoreId: 0 trigger exception
Get callstack info failed.
register info:
x0: 0x0000000060000000    x1: 0x0000000060000000
x2: 0x0000000024010c24    x3: 0x0000000000000001
x4: 0x00000000240184c0    x5: 0x0000000000000000
x6: 0x0000000000000020    x7: 0x000000002404fc98
x8: 0x00000000ffffff80    x9: 0x0000000000000000
x10: 0x0000000010101010   x11: 0x0000000011111111
x12: 0x0000000012121212   x13: 0x0000000013131313
x14: 0x000000002c000000   x15: 0x000000002c000000
x16: 0x000000002400f268   x17: 0x000000ff440c0400
x18: 0x0000000000c51835   x19: 0x0000000024065150
x20: 0x0000000024050458   x21: 0x0000000000000004
x22: 0x0000000000000004   x23: 0x0000000024055020
x24: 0x0000000024242424   x25: 0x0000000025252525
x26: 0x0000000026262626   x27: 0x0000000027272727
x28: 0x0000000028282828   x29: 0x0000000029292929
x30: 0x000000002401bfb8
elr: 0x000000002401bfbc   spsr: 0x00000000600003c5
far: 0x0000000060000ac4   esr: 0x0000000096000000
xzr: 0x0000000000000000   sp:0x000000002404fdd8

exception Occurrence Interrupt
stack info:
0x000000002404fdd8~0x000000002404fde8 : 0x00000012 0xaaa00000 0x00000000 0x00000000
0x000000002404fde8~0x000000002404fdf8 : 0x00000013 0xaaa00000 0x00000000 0x00000000
0x000000002404fdf8~0x000000002404fe08 : 0x00000014 0xaaa00000 0x00000000 0x00000000
0x000000002404fe08~0x000000002404fe18 : 0x00000015 0xaaa00000 0x00000000 0x00000000
0x000000002404fe18~0x000000002404fe28 : 0x00000016 0xaaa00000 0x00000000 0x00000000
0x000000002404fe28~0x000000002404fe38 : 0x00000017 0xaaa00000 0x00000000 0x00000000
0x000000002404fe38~0x000000002404fe48 : 0x00000018 0xaaa00000 0x00000000 0x00000000
0x000000002404fe48~0x000000002404fe58 : 0x00000019 0xaaa00000 0x00000000 0x00000000
0x000000002404fe58~0x000000002404fe68 : 0x0000001a 0xaaa00000 0x00000000 0x00000000
0x000000002404fe68~0x000000002404fe78 : 0x0000001b 0xaaa00000 0x00000000 0x00000000

CoreId: 0 trigger exception
Get callstack info failed.
register info:
x0: 0x0000000060000000    x1: 0x0000000060000000
x2: 0x0000000024010c24    x3: 0x0000000000000001
x4: 0x00000000240184c0    x5: 0x0000000000000000
x6: 0x0000000000000020    x7: 0x000000002404f4b8
x8: 0x00000000ffffff80    x9: 0x0000000000000000
x10: 0x0000000010101010   x11: 0x0000000011111111
x12: 0x0000000012121212   x13: 0x0000000013131313
x14: 0x000000002c000000   x15: 0x000000002c000000
x16: 0x000000002400f268   x17: 0x000000ff440c0400
x18: 0x0000000000c51835   x19: 0x0000000024065150
x20: 0x000000002404fc78   x21: 0x0000000000000004
x22: 0x0000000000000004   x23: 0x0000000024055020
x24: 0x0000000024242424   x25: 0x0000000025252525
x26: 0x0000000026262626   x27: 0x0000000027272727
x28: 0x0000000028282828   x29: 0x0000000029292929
x30: 0x000000002401bfb8
elr: 0x000000002401bfbc   spsr: 0x00000000600003c5
far: 0x0000000060000ac4   esr: 0x0000000096000000
xzr: 0x0000000000000000   sp:0x000000002404f5f8

exception Occurrence Interrupt
stack info:
0x000000002404f5f8~0x000000002404f608 : 0x00000012 0xaaa00000 0x00000000 0x00000000
0x000000002404f608~0x000000002404f618 : 0x00000013 0xaaa00000 0x00000000 0x00000000
0x000000002404f618~0x000000002404f628 : 0x00000014 0xaaa00000 0x00000000 0x00000000
0x000000002404f628~0x000000002404f638 : 0x00000015 0xaaa00000 0x00000000 0x00000000
0x000000002404f638~0x000000002404f648 : 0x00000016 0xaaa00000 0x00000000 0x00000000
0x000000002404f648~0x000000002404f658 : 0x00000017 0xaaa00000 0x00000000 0x00000000
0x000000002404f658~0x000000002404f668 : 0x00000018 0xaaa00000 0x00000000 0x00000000
0x000000002404f668~0x000000002404f678 : 0x00000019 0xaaa00000 0x00000000 0x00000000
0x000000002404f678~0x000000002404f688 : 0x0000001a 0xaaa00000 0x00000000 0x00000000
0x000000002404f688~0x000000002404f698 : 0x0000001b 0xaaa00000 0x00000000 0x00000000

CoreId: 0 trigger exception
Get callstack info failed.
register info:
x0: 0x0000000060000000    x1: 0x0000000060000000
x2: 0x0000000024010c24    x3: 0x0000000000000001
x4: 0x00000000240184c0    x5: 0x0000000000000000
x6: 0x0000000000000020    x7: 0x000000002404ecd8
x8: 0x00000000ffffff80    x9: 0x0000000000000000
x10: 0x0000000010101010   x11: 0x0000000011111111
x12: 0x0000000012121212   x13: 0x0000000013131313
x14: 0x000000002c000000   x15: 0x000000002c000000
x16: 0x000000002400f268   x17: 0x000000ff440c0400
x18: 0x0000000000c51835   x19: 0x0000000024065150
x20: 0x000000002404f498   x21: 0x0000000000000004
x22: 0x0000000000000004   x23: 0x0000000024055020
x24: 0x0000000024242424   x25: 0x0000000025252525
x26: 0x0000000026262626   x27: 0x0000000027272727
x28: 0x0000000028282828   x29: 0x0000000029292929
x30: 0x000000002401bfb8
elr: 0x000000002401bfbc   spsr: 0x00000000600003c5
far: 0x0000000060000ac4   esr: 0x0000000096000000
xzr: 0x0000000000000000   sp:0x000000002404ee18

exception Occurrence Interrupt
stack info:
0x000000002404ee18~0x000000002404ee28 : 0x00000012 0xaaa00000 0x00000000 0x00000000
0x000000002404ee28~0x000000002404ee38 : 0x00000013 0xaaa00000 0x00000000 0x00000000
0x000000002404ee38~0x000000002404ee48 : 0x00000014 0xaaa00000 0x00000000 0x00000000
0x000000002404ee48~0x000000002404ee58 : 0x00000015 0xaaa00000 0x00000000 0x00000000
0x000000002404ee58~0x000000002404ee68 : 0x00000016 0xaaa00000 0x00000000 0x00000000
0x000000002404ee68~0x000000002404ee78 : 0x00000017 0xaaa00000 0x00000000 0x00000000
0x000000002404ee78~0x000000002404ee88 : 0x00000018 0xaaa00000 0x00000000 0x00000000
0x000000002404ee88~0x000000002404ee98 : 0x00000019 0xaaa00000 0x00000000 0x00000000
0x000000002404ee98~0x000000002404eea8 : 0x0000001a 0xaaa00000 0x00000000 0x00000000
0x000000002404eea8~0x000000002404eeb8 : 0x0000001b 0xaaa00000 0x00000000 0x00000000

CoreId: 0 trigger exception
Get callstack info failed.
register info:
x0: 0x0000000060000000    x1: 0x0000000060000000
x2: 0x0000000024010c24    x3: 0x0000000000000001
x4: 0x00000000240184c0    x5: 0x0000000000000000
x6: 0x0000000000000020    x7: 0x000000002404e4f8
x8: 0x00000000ffffff80    x9: 0x0000000000000000
x10: 0x0000000010101010   x11: 0x0000000011111111
x12: 0x0000000012121212   x13: 0x0000000013131313
x14: 0x000000002c000000   x15: 0x000000002c000000
x16: 0x000000002400f268   x17: 0x000000ff440c0400
x18: 0x0000000000c51835   x19: 0x0000000024065150
x20: 0x000000002404ecb8   x21: 0x0000000000000004
x22: 0x0000000000000004   x23: 0x0000000024055020
x24: 0x0000000024242424   x25: 0x0000000025252525
x26: 0x0000000026262626   x27: 0x0000000027272727
x28: 0x0000000028282828   x29: 0x0000000029292929
x30: 0x000000002401bfb8
elr: 0x000000002401bfbc   spsr: 0x00000000600003c5
far: 0x0000000060000ac4   esr: 0x0000000096000000
xzr: 0x0000000000000000   sp:0x000000002404e638

exception Occurrence Interrupt
stack info:
0x000000002404e638~0x000000002404e648 : 0x00000012 0xaaa00000 0x00000000 0x00000000
0x000000002404e648~0x000000002404e658 : 0x00000013 0xaaa00000 0x00000000 0x00000000
0x000000002404e658~0x000000002404e668 : 0x00000014 0xaaa00000 0x00000000 0x00000000
0x000000002404e668~0x000000002404e678 : 0x00000015 0xaaa00000 0x00000000 0x00000000
0x000000002404e678~0x000000002404e688 : 0x00000016 0xaaa00000 0x00000000 0x